Component: ARM Compiler 5.06 update 7 (build 960) Tool: armlink [4d3601]

==============================================================================

Section Cross References

    main.o(i.main) refers to sys.o(i.Cache_Enable) for Cache_Enable
    main.o(i.main) refers to stm32h7xx_hal.o(i.HAL_Init) for HAL_Init
    main.o(i.main) refers to sys.o(i.Stm32_Clock_Init) for Stm32_Clock_Init
    main.o(i.main) refers to delay.o(i.delay_init) for delay_init
    main.o(i.main) refers to max1486.o(i.MAX1486_init) for MAX1486_init
    main.o(i.main) refers to max1486.o(i.MAX1486_ctr) for MAX1486_ctr
    main.o(i.main) refers to usart.o(i.uart1_init) for uart1_init
    main.o(i.main) refers to usart2.o(i.uart2_init) for uart2_init
    main.o(i.main) refers to delay.o(i.delay_ms) for delay_ms
    main.o(i.main) refers to imu.o(i.MT_IMU_setRate) for MT_IMU_setRate
    main.o(i.main) refers to imu.o(i.MT_IMU_setMode) for MT_IMU_setMode
    main.o(i.main) refers to imu.o(i.MT_IMU_setSync) for MT_IMU_setSync
    main.o(i.main) refers to check_alg.o(i.dataCheck_MT) for dataCheck_MT
    main.o(i.main) refers to imu.o(i.decodeAndPrnMode0) for decodeAndPrnMode0
    main.o(i.main) refers to imu.o(i.decodeAndPrnMode1) for decodeAndPrnMode1
    main.o(i.main) refers to imu.o(i.decodeAndPrnMode2) for decodeAndPrnMode2
    main.o(i.main) refers to imu.o(i.decodeAndPrnMode4) for decodeAndPrnMode4
    main.o(i.main) refers to imu.o(i.decodeAndPrnMode5) for decodeAndPrnMode5
    main.o(i.main) refers to main.o(.data) for DataRDY
    main.o(i.main) refers to main.o(.bss) for imu_data_trans
    stm32h7xx_it.o(i.SysTick_Handler) refers to stm32h7xx_hal.o(i.HAL_IncTick) for HAL_IncTick
    system_stm32h7xx.o(i.SystemCoreClockUpdate) refers to system_stm32h7xx.o(.data) for SystemCoreClock
    system_stm32h7xx.o(i.SystemCoreClockUpdate) refers to system_stm32h7xx.o(.constdata) for D1CorePrescTable
    startup_stm32h743xx.o(STACK) refers (Special) to heapauxi.o(.text) for __use_two_region_memory
    startup_stm32h743xx.o(HEAP) refers (Special) to heapauxi.o(.text) for __use_two_region_memory
    startup_stm32h743xx.o(RESET) refers (Special) to heapauxi.o(.text) for __use_two_region_memory
    startup_stm32h743xx.o(RESET) refers to startup_stm32h743xx.o(STACK) for __initial_sp
    startup_stm32h743xx.o(RESET) refers to startup_stm32h743xx.o(.text) for Reset_Handler
    startup_stm32h743xx.o(RESET) refers to stm32h7xx_it.o(i.NMI_Handler) for NMI_Handler
    startup_stm32h743xx.o(RESET) refers to stm32h7xx_it.o(i.HardFault_Handler) for HardFault_Handler
    startup_stm32h743xx.o(RESET) refers to stm32h7xx_it.o(i.BusFault_Handler) for BusFault_Handler
    startup_stm32h743xx.o(RESET) refers to stm32h7xx_it.o(i.UsageFault_Handler) for UsageFault_Handler
    startup_stm32h743xx.o(RESET) refers to stm32h7xx_it.o(i.SVC_Handler) for SVC_Handler
    startup_stm32h743xx.o(RESET) refers to stm32h7xx_it.o(i.DebugMon_Handler) for DebugMon_Handler
    startup_stm32h743xx.o(RESET) refers to stm32h7xx_it.o(i.PendSV_Handler) for PendSV_Handler
    startup_stm32h743xx.o(RESET) refers to stm32h7xx_it.o(i.SysTick_Handler) for SysTick_Handler
    startup_stm32h743xx.o(RESET) refers to usart2.o(i.DMA1_Stream2_IRQHandler) for DMA1_Stream2_IRQHandler
    startup_stm32h743xx.o(RESET) refers to usart2.o(i.DMA1_Stream4_IRQHandler) for DMA1_Stream4_IRQHandler
    startup_stm32h743xx.o(RESET) refers to usart.o(i.DMA1_Stream5_IRQHandler) for DMA1_Stream5_IRQHandler
    startup_stm32h743xx.o(RESET) refers to usart.o(i.DMA1_Stream6_IRQHandler) for DMA1_Stream6_IRQHandler
    startup_stm32h743xx.o(RESET) refers to usart.o(i.USART1_IRQHandler) for USART1_IRQHandler
    startup_stm32h743xx.o(RESET) refers to usart2.o(i.USART2_IRQHandler) for USART2_IRQHandler
    startup_stm32h743xx.o(.text) refers (Special) to heapauxi.o(.text) for __use_two_region_memory
    startup_stm32h743xx.o(.text) refers to system_stm32h7xx.o(i.SystemInit) for SystemInit
    startup_stm32h743xx.o(.text) refers to __main.o(!!!main) for __main
    startup_stm32h743xx.o(.text) refers to startup_stm32h743xx.o(HEAP) for Heap_Mem
    startup_stm32h743xx.o(.text) refers to startup_stm32h743xx.o(STACK) for Stack_Mem
    delay.o(i.delay_init) refers to stm32h7xx_hal_cortex.o(i.HAL_SYSTICK_CLKSourceConfig) for HAL_SYSTICK_CLKSourceConfig
    delay.o(i.delay_init) refers to delay.o(.data) for fac_us
    delay.o(i.delay_ms) refers to delay.o(i.delay_us) for delay_us
    delay.o(i.delay_us) refers to delay.o(.data) for fac_us
    sys.o(i.Cache_Enable) refers to sys.o(i.SCB_EnableICache) for SCB_EnableICache
    sys.o(i.Cache_Enable) refers to sys.o(i.SCB_EnableDCache) for SCB_EnableDCache
    sys.o(i.Stm32_Clock_Init) refers to stm32h7xx_hal_rcc.o(i.HAL_RCC_OscConfig) for HAL_RCC_OscConfig
    sys.o(i.Stm32_Clock_Init) refers to stm32h7xx_hal_rcc.o(i.HAL_RCC_ClockConfig) for HAL_RCC_ClockConfig
    sys.o(i.Stm32_Clock_Init) refers to stm32h7xx_hal.o(i.HAL_EnableCompensationCell) for HAL_EnableCompensationCell
[...]
    DMA_CalcDMAMUXChannelBaseAndMask         0x0800165d   Thumb Code   100  stm32h7xx_hal_dma.o(i.DMA_CalcDMAMUXChannelBaseAndMask)
    i.DMA_CalcDMAMUXRequestGenBaseAndMask    0x080016d0   Section        0  stm32h7xx_hal_dma.o(i.DMA_CalcDMAMUXRequestGenBaseAndMask)
    DMA_CalcDMAMUXRequestGenBaseAndMask      0x080016d1   Thumb Code    70  stm32h7xx_hal_dma.o(i.DMA_CalcDMAMUXRequestGenBaseAndMask)
    i.DMA_CheckFifoParam                     0x08001724   Section        0  stm32h7xx_hal_dma.o(i.DMA_CheckFifoParam)
    DMA_CheckFifoParam                       0x08001725   Thumb Code   174  stm32h7xx_hal_dma.o(i.DMA_CheckFifoParam)
    i.DMA_SetConfig                          0x080017d4   Section        0  stm32h7xx_hal_dma.o(i.DMA_SetConfig)
    DMA_SetConfig                            0x080017d5   Thumb Code   166  stm32h7xx_hal_dma.o(i.DMA_SetConfig)
    i.DebugMon_Handler                       0x08001888   Section        0  stm32h7xx_it.o(i.DebugMon_Handler)
    i.HAL_DMA_Abort                          0x0800188c   Section        0  stm32h7xx_hal_dma.o(i.HAL_DMA_Abort)
    i.HAL_DMA_Abort_IT                       0x080019d4   Section        0  stm32h7xx_hal_dma.o(i.HAL_DMA_Abort_IT)
    i.HAL_DMA_DeInit                         0x08001acc   Section        0  stm32h7xx_hal_dma.o(i.HAL_DMA_DeInit)
    i.HAL_DMA_GetError                       0x08001bec   Section        0  stm32h7xx_hal_dma.o(i.HAL_DMA_GetError)
    i.HAL_DMA_IRQHandler                     0x08001bf4   Section        0  stm32h7xx_hal_dma.o(i.HAL_DMA_IRQHandler)
    i.HAL_DMA_Init                           0x08002040   Section        0  stm32h7xx_hal_dma.o(i.HAL_DMA_Init)
    i.HAL_DMA_Start_IT                       0x08002250   Section        0  stm32h7xx_hal_dma.o(i.HAL_DMA_Start_IT)
    i.HAL_EnableCompensationCell             0x080023a0   Section        0  stm32h7xx_hal.o(i.HAL_EnableCompensationCell)
    i.HAL_GPIO_Init                          0x080023b4   Section        0  stm32h7xx_hal_gpio.o(i.HAL_GPIO_Init)
    i.HAL_GPIO_WritePin                      0x08002600   Section        0  stm32h7xx_hal_gpio.o(i.HAL_GPIO_WritePin)
    i.HAL_GetTick                            0x0800260c   Section        0  stm32h7xx_hal.o(i.HAL_GetTick)
    i.HAL_IncTick                            0x08002618   Section        0  stm32h7xx_hal.o(i.HAL_IncTick)
    i.HAL_Init                               0x08002630   Section        0  stm32h7xx_hal.o(i.HAL_Init)
    i.HAL_InitTick                           0x0800264c   Section        0  stm32h7xx_hal.o(i.HAL_InitTick)
    i.HAL_MspInit                            0x08002698   Section        0  stm32h7xx_hal_msp.o(i.HAL_MspInit)
    i.HAL_NVIC_EnableIRQ                     0x0800269a   Section        0  stm32h7xx_hal_cortex.o(i.HAL_NVIC_EnableIRQ)
    i.HAL_NVIC_SetPriority                   0x080026ba   Section        0  stm32h7xx_hal_cortex.o(i.HAL_NVIC_SetPriority)
    i.HAL_NVIC_SetPriorityGrouping           0x08002734   Section        0  stm32h7xx_hal_cortex.o(i.HAL_NVIC_SetPriorityGrouping)
    i.HAL_RCCEx_GetD1SysClockFreq            0x0800275c   Section        0  stm32h7xx_hal_rcc_ex.o(i.HAL_RCCEx_GetD1SysClockFreq)
    i.HAL_RCCEx_GetD3PCLK1Freq               0x08002794   Section        0  stm32h7xx_hal_rcc_ex.o(i.HAL_RCCEx_GetD3PCLK1Freq)
    i.HAL_RCCEx_GetPLL2ClockFreq             0x080027c0   Section        0  stm32h7xx_hal_rcc_ex.o(i.HAL_RCCEx_GetPLL2ClockFreq)
    i.HAL_RCCEx_GetPLL3ClockFreq             0x080029ec   Section        0  stm32h7xx_hal_rcc_ex.o(i.HAL_RCCEx_GetPLL3ClockFreq)
    i.HAL_RCCEx_PeriphCLKConfig              0x08002c18   Section        0  stm32h7xx_hal_rcc_ex.o(i.HAL_RCCEx_PeriphCLKConfig)
    i.HAL_RCC_ClockConfig                    0x08003750   Section        0  stm32h7xx_hal_rcc.o(i.HAL_RCC_ClockConfig)
    i.HAL_RCC_GetHCLKFreq                    0x080039a0   Section        0  stm32h7xx_hal_rcc.o(i.HAL_RCC_GetHCLKFreq)
    i.HAL_RCC_GetPCLK1Freq                   0x080039d8   Section        0  stm32h7xx_hal_rcc.o(i.HAL_RCC_GetPCLK1Freq)
    i.HAL_RCC_GetPCLK2Freq                   0x08003a04   Section        0  stm32h7xx_hal_rcc.o(i.HAL_RCC_GetPCLK2Freq)
    i.HAL_RCC_GetSysClockFreq                0x08003a30   Section        0  stm32h7xx_hal_rcc.o(i.HAL_RCC_GetSysClockFreq)
    i.HAL_RCC_OscConfig                      0x08003c74   Section        0  stm32h7xx_hal_rcc.o(i.HAL_RCC_OscConfig)
    i.HAL_SYSTICK_CLKSourceConfig            0x08004338   Section        0  stm32h7xx_hal_cortex.o(i.HAL_SYSTICK_CLKSourceConfig)
    i.HAL_SYSTICK_Config                     0x08004360   Section        0  stm32h7xx_hal_cortex.o(i.HAL_SYSTICK_Config)
    i.HAL_UARTEx_WakeupCallback              0x08004394   Section        0  stm32h7xx_hal_uart_ex.o(i.HAL_UARTEx_WakeupCallback)
    i.HAL_UART_DMAStop                       0x08004396   Section        0  stm32h7xx_hal_uart.o(i.HAL_UART_DMAStop)
    i.HAL_UART_ErrorCallback                 0x080043fa   Section        0  stm32h7xx_hal_uart.o(i.HAL_UART_ErrorCallback)
    i.HAL_UART_IRQHandler                    0x080043fc   Section        0  stm32h7xx_hal_uart.o(i.HAL_UART_IRQHandler)
    i.HAL_UART_Init                          0x080045b8   Section        0  stm32h7xx_hal_uart.o(i.HAL_UART_Init)
    i.HAL_UART_MspInit                       0x08004630   Section        0  stm32h7xx_hal_uart.o(i.HAL_UART_MspInit)
    i.HAL_UART_Receive_DMA                   0x08004634   Section        0  stm32h7xx_hal_uart.o(i.HAL_UART_Receive_DMA)
    i.HAL_UART_RxCpltCallback                0x080046e4   Section        0  stm32h7xx_hal_uart.o(i.HAL_UART_RxCpltCallback)
    i.HAL_UART_RxHalfCpltCallback            0x080046e6   Section        0  stm32h7xx_hal_uart.o(i.HAL_UART_RxHalfCpltCallback)
    i.HAL_UART_Transmit                      0x080046e8   Section        0  stm32h7xx_hal_uart.o(i.HAL_UART_Transmit)
    i.HAL_UART_Transmit_DMA                  0x080047b0   Section        0  stm32h7xx_hal_uart.o(i.HAL_UART_Transmit_DMA)
    i.HAL_UART_TxCpltCallback                0x0800484c   Section        0  stm32h7xx_hal_uart.o(i.HAL_UART_TxCpltCallback)
    i.HAL_UART_TxHalfCpltCallback            0x0800484e   Section        0  stm32h7xx_hal_uart.o(i.HAL_UART_TxHalfCpltCallback)
    i.HardFault_Handler                      0x08004850   Section        0  stm32h7xx_it.o(i.HardFault_Handler)
    i.MAX1486_ctr                            0x08004854   Section        0  max1486.o(i.MAX1486_ctr)
    i.MAX1486_init                           0x080048ac   Section        0  max1486.o(i.MAX1486_init)
    i.MT_IMU_setMode                         0x08004920   Section        0  imu.o(i.MT_IMU_setMode)
    i.MT_IMU_setRate                         0x08004974   Section        0  imu.o(i.MT_IMU_setRate)
    i.MT_IMU_setSync                         0x080049c4   Section        0  imu.o(i.MT_IMU_setSync)
    i.NMI_Handler                            0x08004a14   Section        0  stm32h7xx_it.o(i.NMI_Handler)
    i.PendSV_Handler                         0x08004a16   Section        0  stm32h7xx_it.o(i.PendSV_Handler)
    i.RCCEx_PLL2_Config                      0x08004a18   Section        0  stm32h7xx_hal_rcc_ex.o(i.RCCEx_PLL2_Config)
    RCCEx_PLL2_Config                        0x08004a19   Thumb Code   300  stm32h7xx_hal_rcc_ex.o(i.RCCEx_PLL2_Config)
    i.RCCEx_PLL3_Config                      0x08004b48   Section        0  stm32h7xx_hal_rcc_ex.o(i.RCCEx_PLL3_Config)
    RCCEx_PLL3_Config                        0x08004b49   Thumb Code   300  stm32h7xx_hal_rcc_ex.o(i.RCCEx_PLL3_Config)
    i.SCB_CleanDCache                        0x08004c78   Section        0  usart.o(i.SCB_CleanDCache)
    SCB_CleanDCache                          0x08004c79   Thumb Code   116  usart.o(i.SCB_CleanDCache)
    i.SCB_CleanDCache                        0x08004cf4   Section        0  usart2.o(i.SCB_CleanDCache)
    SCB_CleanDCache                          0x08004cf5   Thumb Code   116  usart2.o(i.SCB_CleanDCache)
    i.SCB_EnableDCache                       0x08004d70   Section        0  sys.o(i.SCB_EnableDCache)
    SCB_EnableDCache                         0x08004d71   Thumb Code   148  sys.o(i.SCB_EnableDCache)
    i.SCB_EnableICache                       0x08004e0c   Section        0  sys.o(i.SCB_EnableICache)
    SCB_EnableICache                         0x08004e0d   Thumb Code   116  sys.o(i.SCB_EnableICache)
    i.SCB_InvalidateDCache                   0x08004e88   Section        0  usart2.o(i.SCB_InvalidateDCache)
    SCB_InvalidateDCache                     0x08004e89   Thumb Code   116  usart2.o(i.SCB_InvalidateDCache)
    i.SVC_Handler                            0x08004f04   Section        0  stm32h7xx_it.o(i.SVC_Handler)
    i.Stm32_Clock_Init                       0x08004f08   Section        0  sys.o(i.Stm32_Clock_Init)
    i.SysTick_Handler                        0x08005000   Section        0  stm32h7xx_it.o(i.SysTick_Handler)
    i.SystemInit                             0x08005008   Section        0  system_stm32h7xx.o(i.SystemInit)
    i.UART_AdvFeatureConfig                  0x0800509c   Section        0  stm32h7xx_hal_uart.o(i.UART_AdvFeatureConfig)
    i.UART_CheckIdleState                    0x08005186   Section        0  stm32h7xx_hal_uart.o(i.UART_CheckIdleState)
    i.UART_DMAAbortOnError                   0x080051fa   Section        0  stm32h7xx_hal_uart.o(i.UART_DMAAbortOnError)
    UART_DMAAbortOnError                     0x080051fb   Thumb Code    24  stm32h7xx_hal_uart.o(i.UART_DMAAbortOnError)
    i.UART_DMAError                          0x08005212   Section        0  stm32h7xx_hal_uart.o(i.UART_DMAError)
    UART_DMAError                            0x08005213   Thumb Code    92  stm32h7xx_hal_uart.o(i.UART_DMAError)
    i.UART_DMAReceiveCplt                    0x0800526e   Section        0  stm32h7xx_hal_uart.o(i.UART_DMAReceiveCplt)
    UART_DMAReceiveCplt                      0x0800526f   Thumb Code    70  stm32h7xx_hal_uart.o(i.UART_DMAReceiveCplt)
    i.UART_DMARxHalfCplt                     0x080052b4   Section        0  stm32h7xx_hal_uart.o(i.UART_DMARxHalfCplt)
    UART_DMARxHalfCplt                       0x080052b5   Thumb Code    14  stm32h7xx_hal_uart.o(i.UART_DMARxHalfCplt)
    i.UART_DMATransmitCplt                   0x080052c2   Section        0  stm32h7xx_hal_uart.o(i.UART_DMATransmitCplt)
    UART_DMATransmitCplt                     0x080052c3   Thumb Code    54  stm32h7xx_hal_uart.o(i.UART_DMATransmitCplt)
    i.UART_DMATxHalfCplt                     0x080052f8   Section        0  stm32h7xx_hal_uart.o(i.UART_DMATxHalfCplt)
    UART_DMATxHalfCplt                       0x080052f9   Thumb Code    14  stm32h7xx_hal_uart.o(i.UART_DMATxHalfCplt)
    i.UART_EndRxTransfer                     0x08005306   Section        0  stm32h7xx_hal_uart.o(i.UART_EndRxTransfer)
    UART_EndRxTransfer                       0x08005307   Thumb Code    32  stm32h7xx_hal_uart.o(i.UART_EndRxTransfer)
    i.UART_EndTransmit_IT                    0x08005326   Section        0  stm32h7xx_hal_uart.o(i.UART_EndTransmit_IT)
    UART_EndTransmit_IT                      0x08005327   Thumb Code    32  stm32h7xx_hal_uart.o(i.UART_EndTransmit_IT)
    i.UART_EndTxTransfer                     0x08005346   Section        0  stm32h7xx_hal_uart.o(i.UART_EndTxTransfer)
    UART_EndTxTransfer                       0x08005347   Thumb Code    20  stm32h7xx_hal_uart.o(i.UART_EndTxTransfer)
    i.UART_Receive_IT                        0x0800535a   Section        0  stm32h7xx_hal_uart.o(i.UART_Receive_IT)
    UART_Receive_IT                          0x0800535b   Thumb Code   138  stm32h7xx_hal_uart.o(i.UART_Receive_IT)
    i.UART_SetConfig                         0x080053e4   Section        0  stm32h7xx_hal_uart.o(i.UART_SetConfig)
    i.UART_Transmit_IT                       0x08005d88   Section        0  stm32h7xx_hal_uart.o(i.UART_Transmit_IT)
    UART_Transmit_IT                         0x08005d89   Thumb Code   130  stm32h7xx_hal_uart.o(i.UART_Transmit_IT)
    i.UART_WaitOnFlagUntilTimeout            0x08005e0a   Section        0  stm32h7xx_hal_uart.o(i.UART_WaitOnFlagUntilTimeout)
    i.USART1_DMA_Send_data                   0x08005e78   Section        0  usart.o(i.USART1_DMA_Send_data)
    i.USART1_IRQHandler                      0x08005ea0   Section        0  usart.o(i.USART1_IRQHandler)
    i.USART2_IRQHandler                      0x08005ee8   Section        0  usart2.o(i.USART2_IRQHandler)
    i.USART2_Send_data                       0x08005fac   Section        0  usart2.o(i.USART2_Send_data)
    i.UsageFault_Handler                     0x08005fd8   Section        0  stm32h7xx_it.o(i.UsageFault_Handler)
    i.__ARM_fpclassify                       0x08005fdc   Section        0  fpclassify.o(i.__ARM_fpclassify)
    i.__NVIC_GetPriorityGrouping             0x0800600c   Section        0  stm32h7xx_hal_cortex.o(i.__NVIC_GetPriorityGrouping)
    __NVIC_GetPriorityGrouping               0x0800600d   Thumb Code    10  stm32h7xx_hal_cortex.o(i.__NVIC_GetPriorityGrouping)
    i.__NVIC_SetPriority                     0x0800601c   Section        0  stm32h7xx_hal_cortex.o(i.__NVIC_SetPriority)
    __NVIC_SetPriority                       0x0800601d   Thumb Code    32  stm32h7xx_hal_cortex.o(i.__NVIC_SetPriority)
    i._is_digit                              0x08006044   Section        0  __printf_wp.o(i._is_digit)
    i.dataCheck_MT                           0x08006052   Section        0  check_alg.o(i.dataCheck_MT)
    i.decodeAndPrnMode0                      0x0800607c   Section        0  imu.o(i.decodeAndPrnMode0)
    i.decodeAndPrnMode1                      0x080063c8   Section        0  imu.o(i.decodeAndPrnMode1)
    i.decodeAndPrnMode2                      0x080065d8   Section        0  imu.o(i.decodeAndPrnMode2)
    i.decodeAndPrnMode4                      0x08006788   Section        0  imu.o(i.decodeAndPrnMode4)
    i.decodeAndPrnMode5                      0x080069f0   Section        0  imu.o(i.decodeAndPrnMode5)
    i.delay_init                             0x08006d98   Section        0  delay.o(i.delay_init)
    i.delay_ms                               0x08006dac   Section        0  delay.o(i.delay_ms)
    i.delay_us                               0x08006dc4   Section        0  delay.o(i.delay_us)
    i.main                                   0x08006e0c   Section        0  main.o(i.main)
    i.uart1_init                             0x08006f8c   Section        0  usart.o(i.uart1_init)
    i.uart2_init                             0x08007174   Section        0  usart2.o(i.uart2_init)
    locale$$code                             0x08007358   Section       44  lc_numeric_c.o(locale$$code)
    x$fpl$ffltll                             0x08007384   Section       96  ffltll_clz.o(x$fpl$ffltll)
    $v0                                      0x08007384   Number         0  ffltll_clz.o(x$fpl$ffltll)
    x$fpl$fpinit                             0x080073e4   Section       10  fpinit.o(x$fpl$fpinit)
    $v0                                      0x080073e4   Number         0  fpinit.o(x$fpl$fpinit)
    x$fpl$printf1                            0x080073ee   Section        4  printf1.o(x$fpl$printf1)
    $v0                                      0x080073ee   Number         0  printf1.o(x$fpl$printf1)
    .constdata                               0x080073f2   Section       64  system_stm32h7xx.o(.constdata)
    x$fpl$usenofp                            0x080073f2   Section        0  usenofp.o(x$fpl$usenofp)
    UARTPrescTable                           0x080073f2   Data          24  system_stm32h7xx.o(.constdata)
    USARTPrescTable                          0x0800740a   Data          24  system_stm32h7xx.o(.constdata)
    .constdata                               0x08007432   Section       56  stm32h7xx_hal_dma.o(.constdata)
    UARTPrescTable                           0x08007432   Data          24  stm32h7xx_hal_dma.o(.constdata)
    USARTPrescTable                          0x0800744a   Data          24  stm32h7xx_hal_dma.o(.constdata)
    flagBitshiftOffset                       0x08007462   Data           8  stm32h7xx_hal_dma.o(.constdata)
    .constdata                               0x0800746a   Section       48  stm32h7xx_hal_uart.o(.constdata)
    UARTPrescTable                           0x0800746a   Data          24  stm32h7xx_hal_uart.o(.constdata)
    USARTPrescTable                          0x08007482   Data          24  stm32h7xx_hal_uart.o(.constdata)
    .constdata                               0x0800749c   Section      148  bigflt0.o(.constdata)
    tenpwrs_x                                0x0800749c   Data          60  bigflt0.o(.constdata)
    tenpwrs_i                                0x080074d8   Data          64  bigflt0.o(.constdata)
    locale$$data                             0x08007550   Section       28  lc_numeric_c.o(locale$$data)
    __lcnum_c_name                           0x08007554   Data           2  lc_numeric_c.o(locale$$data)
    __lcnum_c_start                          0x0800755c   Data           0  lc_numeric_c.o(locale$$data)
    __lcnum_c_point                          0x08007568   Data           0  lc_numeric_c.o(locale$$data)
    __lcnum_c_thousands                      0x0800756a   Data           0  lc_numeric_c.o(locale$$data)
    __lcnum_c_grouping                       0x0800756b   Data           0  lc_numeric_c.o(locale$$data)
    __lcnum_c_end                            0x0800756c   Data           0  lc_numeric_c.o(locale$$data)
    .data                                    0x24000000   Section       42  main.o(.data)
    configRate                               0x24000000   Data          20  main.o(.data)
    configMode                               0x24000014   Data          12  main.o(.data)
    configSync                               0x24000020   Data           6  main.o(.data)
    .data                                    0x2400002c   Section        8  system_stm32h7xx.o(.data)
    .data                                    0x24000034   Section        4  delay.o(.data)
    fac_us                                   0x24000034   Data           4  delay.o(.data)
    .data                                    0x24000038   Section       45  usart2.o(.data)
    configRate                               0x24000038   Data          20  usart2.o(.data)
    configMode                               0x2400004c   Data          12  usart2.o(.data)
    configSync                               0x24000058   Data           6  usart2.o(.data)
    .data                                    0x24000068   Section        9  stm32h7xx_hal.o(.data)
    uwTick                                   0x24000068   Data           4  stm32h7xx_hal.o(.data)
    uwTickPrio                               0x2400006c   Data           4  stm32h7xx_hal.o(.data)
    uwTickFreq                               0x24000070   Data           1  stm32h7xx_hal.o(.data)
    .data                                    0x24000071   Section       40  imu.o(.data)
    configRate                               0x24000071   Data          20  imu.o(.data)
    configMode                               0x24000085   Data          12  imu.o(.data)
    configSync                               0x24000091   Data           6  imu.o(.data)
    .bss                                     0x2400009c   Section      260  main.o(.bss)
    .bss                                     0x240001a0   Section     2416  usart.o(.bss)
    .bss                                     0x24000b10   Section     2416  usart2.o(.bss)
    .bss                                     0x24001480   Section      608  imu.o(.bss)
    .bss                                     0x240016e0   Section       96  libspace.o(.bss)
    HEAP                                     0x24001740   Section      512  startup_stm32h743xx.o(HEAP)
    Heap_Mem                                 0x24001740   Data         512  startup_stm32h743xx.o(HEAP)
    STACK                                    0x24001940   Section    65536  startup_stm32h743xx.o(STACK)
    Stack_Mem                                0x24001940   Data       65536  startup_stm32h743xx.o(STACK)
    __initial_sp                             0x24011940   Data           0  startup_stm32h743xx.o(STACK)

    Global Symbols

    Symbol Name                              Value     Ov Type        Size  Object(Section)

    BuildAttributes$$THM_ISAv4$E$P$D$K$B$S$7EM$VFPv5_D16$PE$PLD8$A:L22UL41UL21$X:L11$S22US41US21$IEEE1$IW$USESV6$~STKCKD$USESV7$~SHL$OTIME$ROPI$IEEEJ$EBA8$UX$STANDARDLIB$REQ8$PRES8$EABIv2 0x00000000   Number         0  anon$$obj.o ABSOLUTE
    __ARM_use_no_argv                        0x00000000   Number         0  main.o ABSOLUTE
    _printf_flags                            0x00000000   Number         0  printf_stubs.o ABSOLUTE
    _printf_return_value                     0x00000000   Number         0  printf_stubs.o ABSOLUTE
    _printf_sizespec                         0x00000000   Number         0  printf_stubs.o ABSOLUTE
    _printf_widthprec                        0x00000000   Number         0  printf_stubs.o ABSOLUTE
    __ARM_exceptions_init                     - Undefined Weak Reference
    __alloca_initialize                       - Undefined Weak Reference
    __arm_fini_                               - Undefined Weak Reference
    __arm_preinit_                            - Undefined Weak Reference
    __cpp_initialize__aeabi_                  - Undefined Weak Reference
    __cxa_finalize                            - Undefined Weak Reference
    __sigvec_lookup                           - Undefined Weak Reference
    _atexit_init                              - Undefined Weak Reference
    _call_atexit_fns                          - Undefined Weak Reference
    _clock_init                               - Undefined Weak Reference
    _fp_trap_init                             - Undefined Weak Reference
    _fp_trap_shutdown                         - Undefined Weak Reference
    _get_lc_collate                           - Undefined Weak Reference
    _get_lc_ctype                             - Undefined Weak Reference
    _get_lc_monetary                          - Undefined Weak Reference
    _get_lc_time                              - Undefined Weak Reference
    _getenv_init                              - Undefined Weak Reference
    _handle_redirection                       - Undefined Weak Reference
    _init_alloc                               - Undefined Weak Reference
    _init_user_alloc                          - Undefined Weak Reference
    _initio                                   - Undefined Weak Reference
    _printf_post_padding                      - Undefined Weak Reference
    _printf_pre_padding                       - Undefined Weak Reference
    _rand_init                                - Undefined Weak Reference
    _signal_finish                            - Undefined Weak Reference
    _signal_init                              - Undefined Weak Reference
    _terminate_alloc                          - Undefined Weak Reference
    _terminate_user_alloc                     - Undefined Weak Reference
    _terminateio                              - Undefined Weak Reference
    __Vectors_Size                           0x00000298   Number         0  startup_stm32h743xx.o ABSOLUTE
    __Vectors                                0x08000000   Data           4  startup_stm32h743xx.o(RESET)
    __Vectors_End                            0x08000298   Data           0  startup_stm32h743xx.o(RESET)
    __main                                   0x08000299   Thumb Code     8  __main.o(!!!main)
    __scatterload                            0x080002a1   Thumb Code     0  __scatter.o(!!!scatter)
    __scatterload_rt2                        0x080002a1   Thumb Code    44  __scatter.o(!!!scatter)
    __scatterload_rt2_thumb_only             0x080002a1   Thumb Code     0  __scatter.o(!!!scatter)
    __scatterload_null                       0x080002af   Thumb Code     0  __scatter.o(!!!scatter)
    __scatterload_copy                       0x080002d5   Thumb Code    26  __scatter_copy.o(!!handler_copy)
    __scatterload_zeroinit                   0x080002f1   Thumb Code    28  __scatter_zi.o(!!handler_zi)
    _printf_f                                0x0800030d   Thumb Code     0  _printf_f.o(.ARM.Collect$$_printf_percent$$00000003)
    _printf_percent                          0x0800030d   Thumb Code     0  _printf_percent.o(.ARM.Collect$$_printf_percent$$00000000)
    _printf_percent_end                      0x08000313   Thumb Code     0  _printf_percent_end.o(.ARM.Collect$$_printf_percent$$00000017)
    __rt_lib_init                            0x08000317   Thumb Code     0  libinit.o(.ARM.Collect$$libinit$$00000000)
    __rt_lib_init_fp_1                       0x08000319   Thumb Code     0  libinit2.o(.ARM.Collect$$libinit$$00000001)
    __rt_lib_init_heap_1                     0x0800031d   Thumb Code     0  libinit2.o(.ARM.Collect$$libinit$$0000000A)
    __rt_lib_init_lc_common                  0x0800031d   Thumb Code     0  libinit2.o(.ARM.Collect$$libinit$$0000000F)
    __rt_lib_init_preinit_1                  0x0800031d   Thumb Code     0  libinit2.o(.ARM.Collect$$libinit$$00000004)
    __rt_lib_init_rand_1                     0x0800031d   Thumb Code     0  libinit2.o(.ARM.Collect$$libinit$$0000000E)
    __rt_lib_init_user_alloc_1               0x0800031d   Thumb Code     0  libinit2.o(.ARM.Collect$$libinit$$0000000C)
    __rt_lib_init_lc_collate_1               0x08000323   Thumb Code     0  libinit2.o(.ARM.Collect$$libinit$$00000011)
    __rt_lib_init_lc_ctype_1                 0x08000323   Thumb Code     0  libinit2.o(.ARM.Collect$$libinit$$00000013)
    __rt_lib_init_lc_monetary_1              0x08000323   Thumb Code     0  libinit2.o(.ARM.Collect$$libinit$$00000015)
    __rt_lib_init_lc_numeric_2               0x08000323   Thumb Code     0  libinit2.o(.ARM.Collect$$libinit$$00000016)
    __rt_lib_init_alloca_1                   0x0800032d   Thumb Code     0  libinit2.o(.ARM.Collect$$libinit$$0000002E)
    __rt_lib_init_argv_1                     0x0800032d   Thumb Code     0  libinit2.o(.ARM.Collect$$libinit$$0000002C)
    __rt_lib_init_atexit_1                   0x0800032d   Thumb Code     0  libinit2.o(.ARM.Collect$$libinit$$0000001B)
    __rt_lib_init_clock_1                    0x0800032d   Thumb Code     0  libinit2.o(.ARM.Collect$$libinit$$00000021)
    __rt_lib_init_cpp_1                      0x0800032d   Thumb Code     0  libinit2.o(.ARM.Collect$$libinit$$00000032)
    __rt_lib_init_exceptions_1               0x0800032d   Thumb Code     0  libinit2.o(.ARM.Collect$$libinit$$00000030)
    __rt_lib_init_fp_trap_1                  0x0800032d   Thumb Code     0  libinit2.o(.ARM.Collect$$libinit$$0000001F)
    __rt_lib_init_getenv_1                   0x0800032d   Thumb Code     0  libinit2.o(.ARM.Collect$$libinit$$00000023)
    __rt_lib_init_lc_numeric_1               0x0800032d   Thumb Code     0  libinit2.o(.ARM.Collect$$libinit$$00000017)
    __rt_lib_init_lc_time_1                  0x0800032d   Thumb Code     0  libinit2.o(.ARM.Collect$$libinit$$00000019)
    __rt_lib_init_return                     0x0800032d   Thumb Code     0  libinit2.o(.ARM.Collect$$libinit$$00000033)
    __rt_lib_init_signal_1                   0x0800032d   Thumb Code     0  libinit2.o(.ARM.Collect$$libinit$$0000001D)
    __rt_lib_init_stdio_1                    0x0800032d   Thumb Code     0  libinit2.o(.ARM.Collect$$libinit$$00000025)
    __rt_lib_shutdown                        0x0800032f   Thumb Code     0  libshutdown.o(.ARM.Collect$$libshutdown$$00000000)
    __rt_lib_shutdown_cpp_1                  0x08000331   Thumb Code     0  libshutdown2.o(.ARM.Collect$$libshutdown$$00000004)
    __rt_lib_shutdown_fini_1                 0x08000331   Thumb Code     0  libshutdown2.o(.ARM.Collect$$libshutdown$$00000002)
    __rt_lib_shutdown_fp_trap_1              0x08000331   Thumb Code     0  libshutdown2.o(.ARM.Collect$$libshutdown$$00000009)
    __rt_lib_shutdown_heap_1                 0x08000331   Thumb Code     0  libshutdown2.o(.ARM.Collect$$libshutdown$$00000011)
    __rt_lib_shutdown_return                 0x08000331   Thumb Code     0  libshutdown2.o(.ARM.Collect$$libshutdown$$00000012)
    __rt_lib_shutdown_signal_1               0x08000331   Thumb Code     0  libshutdown2.o(.ARM.Collect$$libshutdown$$0000000C)
    __rt_lib_shutdown_stdio_1                0x08000331   Thumb Code     0  libshutdown2.o(.ARM.Collect$$libshutdown$$00000006)
    __rt_lib_shutdown_user_alloc_1           0x08000331   Thumb Code     0  libshutdown2.o(.ARM.Collect$$libshutdown$$0000000E)
    __rt_entry                               0x08000333   Thumb Code     0  __rtentry.o(.ARM.Collect$$rtentry$$00000000)
    __rt_entry_presh_1                       0x08000333   Thumb Code     0  __rtentry2.o(.ARM.Collect$$rtentry$$00000002)
    __rt_entry_sh                            0x08000333   Thumb Code     0  __rtentry4.o(.ARM.Collect$$rtentry$$00000004)
    __rt_entry_li                            0x08000339   Thumb Code     0  __rtentry2.o(.ARM.Collect$$rtentry$$0000000A)
    __rt_entry_postsh_1                      0x08000339   Thumb Code     0  __rtentry2.o(.ARM.Collect$$rtentry$$00000009)
    __rt_entry_main                          0x0800033d   Thumb Code     0  __rtentry2.o(.ARM.Collect$$rtentry$$0000000D)
    __rt_entry_postli_1                      0x0800033d   Thumb Code     0  __rtentry2.o(.ARM.Collect$$rtentry$$0000000C)
    __rt_exit                                0x08000345   Thumb Code     0  rtexit.o(.ARM.Collect$$rtexit$$00000000)
    __rt_exit_ls                             0x08000347   Thumb Code     0  rtexit2.o(.ARM.Collect$$rtexit$$00000003)
    __rt_exit_prels_1                        0x08000347   Thumb Code     0  rtexit2.o(.ARM.Collect$$rtexit$$00000002)
    __rt_exit_exit                           0x0800034b   Thumb Code     0  rtexit2.o(.ARM.Collect$$rtexit$$00000004)
    Reset_Handler                            0x08000351   Thumb Code     8  startup_stm32h743xx.o(.text)
    MemManage_Handler                        0x0800035d   Thumb Code     2  startup_stm32h743xx.o(.text)
    ADC3_IRQHandler                          0x0800036b   Thumb Code     0  startup_stm32h743xx.o(.text)
    ADC_IRQHandler                           0x0800036b   Thumb Code     0  startup_stm32h743xx.o(.text)
    BDMA_Channel0_IRQHandler                 0x0800036b   Thumb Code     0  startup_stm32h743xx.o(.text)
    BDMA_Channel1_IRQHandler                 0x0800036b   Thumb Code     0  startup_stm32h743xx.o(.text)
    BDMA_Channel2_IRQHandler                 0x0800036b   Thumb Code     0  startup_stm32h743xx.o(.text)
    BDMA_Channel3_IRQHandler                 0x0800036b   Thumb Code     0  startup_stm32h743xx.o(.text)
    BDMA_Channel4_IRQHandler                 0x0800036b   Thumb Code     0  startup_stm32h743xx.o(.text)
    BDMA_Channel5_IRQHandler                 0x0800036b   Thumb Code     0  startup_stm32h743xx.o(.text)
    BDMA_Channel6_IRQHandler                 0x0800036b   Thumb Code     0  startup_stm32h743xx.o(.text)
    BDMA_Channel7_IRQHandler                 0x0800036b   Thumb Code     0  startup_stm32h743xx.o(.text)
    CEC_IRQHandler                           0x0800036b   Thumb Code     0  startup_stm32h743xx.o(.text)
    COMP1_IRQHandler                         0x0800036b   Thumb Code     0  startup_stm32h743xx.o(.text)
    CRS_IRQHandler                           0x0800036b   Thumb Code     0  startup_stm32h743xx.o(.text)
    DCMI_IRQHandler                          0x0800036b   Thumb Code     0  startup_stm32h743xx.o(.text)
    DFSDM1_FLT0_IRQHandler                   0x0800036b   Thumb Code     0  startup_stm32h743xx.o(.text)
    DFSDM1_FLT1_IRQHandler                   0x0800036b   Thumb Code     0  startup_stm32h743xx.o(.text)
    DFSDM1_FLT2_IRQHandler                   0x0800036b   Thumb Code     0  startup_stm32h743xx.o(.text)
    DFSDM1_FLT3_IRQHandler                   0x0800036b   Thumb Code     0  startup_stm32h743xx.o(.text)
    DMA1_Stream0_IRQHandler                  0x0800036b   Thumb Code     0  startup_stm32h743xx.o(.text)
    DMA1_Stream1_IRQHandler                  0x0800036b   Thumb Code     0  startup_stm32h743xx.o(.text)
    DMA1_Stream3_IRQHandler                  0x0800036b   Thumb Code     0  startup_stm32h743xx.o(.text)
    DMA1_Stream7_IRQHandler                  0x0800036b   Thumb Code     0  startup_stm32h743xx.o(.text)
    DMA2D_IRQHandler                         0x0800036b   Thumb Code     0  startup_stm32h743xx.o(.text)
    DMA2_Stream0_IRQHandler                  0x0800036b   Thumb Code     0  startup_stm32h743xx.o(.text)
    DMA2_Stream1_IRQHandler                  0x0800036b   Thumb Code     0  startup_stm32h743xx.o(.text)
    DMA2_Stream2_IRQHandler                  0x0800036b   Thumb Code     0  startup_stm32h743xx.o(.text)
    DMA2_Stream3_IRQHandler                  0x0800036b   Thumb Code     0  startup_stm32h743xx.o(.text)
    DMA2_Stream4_IRQHandler                  0x0800036b   Thumb Code     0  startup_stm32h743xx.o(.text)
    DMA2_Stream5_IRQHandler                  0x0800036b   Thumb Code     0  startup_stm32h743xx.o(.text)
    DMA2_Stream6_IRQHandler                  0x0800036b   Thumb Code     0  startup_stm32h743xx.o(.text)
    DMA2_Stream7_IRQHandler                  0x0800036b   Thumb Code     0  startup_stm32h743xx.o(.text)
    DMAMUX1_OVR_IRQHandler                   0x0800036b   Thumb Code     0  startup_stm32h743xx.o(.text)
    DMAMUX2_OVR_IRQHandler                   0x0800036b   Thumb Code     0  startup_stm32h743xx.o(.text)
    ETH_IRQHandler                           0x0800036b   Thumb Code     0  startup_stm32h743xx.o(.text)
    ETH_WKUP_IRQHandler                      0x0800036b   Thumb Code     0  startup_stm32h743xx.o(.text)
    EXTI0_IRQHandler                         0x0800036b   Thumb Code     0  startup_stm32h743xx.o(.text)
    EXTI15_10_IRQHandler                     0x0800036b   Thumb Code     0  startup_stm32h743xx.o(.text)
    EXTI1_IRQHandler                         0x0800036b   Thumb Code     0  startup_stm32h743xx.o(.text)
    EXTI2_IRQHandler                         0x0800036b   Thumb Code     0  startup_stm32h743xx.o(.text)
    EXTI3_IRQHandler                         0x0800036b   Thumb Code     0  startup_stm32h743xx.o(.text)
    EXTI4_IRQHandler                         0x0800036b   Thumb Code     0  startup_stm32h743xx.o(.text)
    EXTI9_5_IRQHandler                       0x0800036b   Thumb Code     0  startup_stm32h743xx.o(.text)
    FDCAN1_IT0_IRQHandler                    0x0800036b   Thumb Code     0  startup_stm32h743xx.o(.text)
    FDCAN1_IT1_IRQHandler                    0x0800036b   Thumb Code     0  startup_stm32h743xx.o(.text)
    FDCAN2_IT0_IRQHandler                    0x0800036b   Thumb Code     0  startup_stm32h743xx.o(.text)
    FDCAN2_IT1_IRQHandler                    0x0800036b   Thumb Code     0  startup_stm32h743xx.o(.text)
    FDCAN_CAL_IRQHandler                     0x0800036b   Thumb Code     0  startup_stm32h743xx.o(.text)
    FLASH_IRQHandler                         0x0800036b   Thumb Code     0  startup_stm32h743xx.o(.text)
    FMC_IRQHandler                           0x0800036b   Thumb Code     0  startup_stm32h743xx.o(.text)
    FPU_IRQHandler                           0x0800036b   Thumb Code     0  startup_stm32h743xx.o(.text)
    HRTIM1_FLT_IRQHandler                    0x0800036b   Thumb Code     0  startup_stm32h743xx.o(.text)
    HRTIM1_Master_IRQHandler                 0x0800036b   Thumb Code     0  startup_stm32h743xx.o(.text)
    HRTIM1_TIMA_IRQHandler                   0x0800036b   Thumb Code     0  startup_stm32h743xx.o(.text)
    HRTIM1_TIMB_IRQHandler                   0x0800036b   Thumb Code     0  startup_stm32h743xx.o(.text)
    HRTIM1_TIMC_IRQHandler                   0x0800036b   Thumb Code     0  startup_stm32h743xx.o(.text)
    HRTIM1_TIMD_IRQHandler                   0x0800036b   Thumb Code     0  startup_stm32h743xx.o(.text)
    HRTIM1_TIME_IRQHandler                   0x0800036b   Thumb Code     0  startup_stm32h743xx.o(.text)
    HSEM1_IRQHandler                         0x0800036b   Thumb Code     0  startup_stm32h743xx.o(.text)
    I2C1_ER_IRQHandler                       0x0800036b   Thumb Code     0  startup_stm32h743xx.o(.text)
    I2C1_EV_IRQHandler                       0x0800036b   Thumb Code     0  startup_stm32h743xx.o(.text)
    I2C2_ER_IRQHandler                       0x0800036b   Thumb Code     0  startup_stm32h743xx.o(.text)
    I2C2_EV_IRQHandler                       0x0800036b   Thumb Code     0  startup_stm32h743xx.o(.text)
    I2C3_ER_IRQHandler                       0x0800036b   Thumb Code     0  startup_stm32h743xx.o(.text)
    I2C3_EV_IRQHandler                       0x0800036b   Thumb Code     0  startup_stm32h743xx.o(.text)
    I2C4_ER_IRQHandler                       0x0800036b   Thumb Code     0  startup_stm32h743xx.o(.text)
    I2C4_EV_IRQHandler                       0x0800036b   Thumb Code     0  startup_stm32h743xx.o(.text)
    JPEG_IRQHandler                          0x0800036b   Thumb Code     0  startup_stm32h743xx.o(.text)
    LPTIM1_IRQHandler                        0x0800036b   Thumb Code     0  startup_stm32h743xx.o(.text)
    LPTIM2_IRQHandler                        0x0800036b   Thumb Code     0  startup_stm32h743xx.o(.text)
    LPTIM3_IRQHandler                        0x0800036b   Thumb Code     0  startup_stm32h743xx.o(.text)
    LPTIM4_IRQHandler                        0x0800036b   Thumb Code     0  startup_stm32h743xx.o(.text)
    LPTIM5_IRQHandler                        0x0800036b   Thumb Code     0  startup_stm32h743xx.o(.text)
    LPUART1_IRQHandler                       0x0800036b   Thumb Code     0  startup_stm32h743xx.o(.text)
    LTDC_ER_IRQHandler                       0x0800036b   Thumb Code     0  startup_stm32h743xx.o(.text)
    LTDC_IRQHandler                          0x0800036b   Thumb Code     0  startup_stm32h743xx.o(.text)
    MDIOS_IRQHandler                         0x0800036b   Thumb Code     0  startup_stm32h743xx.o(.text)
    MDIOS_WKUP_IRQHandler                    0x0800036b   Thumb Code     0  startup_stm32h743xx.o(.text)
    MDMA_IRQHandler                          0x0800036b   Thumb Code     0  startup_stm32h743xx.o(.text)
    OTG_FS_EP1_IN_IRQHandler                 0x0800036b   Thumb Code     0  startup_stm32h743xx.o(.text)
    OTG_FS_EP1_OUT_IRQHandler                0x0800036b   Thumb Code     0  startup_stm32h743xx.o(.text)
    OTG_FS_IRQHandler                        0x0800036b   Thumb Code     0  startup_stm32h743xx.o(.text)
    OTG_FS_WKUP_IRQHandler                   0x0800036b   Thumb Code     0  startup_stm32h743xx.o(.text)
    OTG_HS_EP1_IN_IRQHandler                 0x0800036b   Thumb Code     0  startup_stm32h743xx.o(.text)
    OTG_HS_EP1_OUT_IRQHandler                0x0800036b   Thumb Code     0  startup_stm32h743xx.o(.text)
    OTG_HS_IRQHandler                        0x0800036b   Thumb Code     0  startup_stm32h743xx.o(.text)
    OTG_HS_WKUP_IRQHandler                   0x0800036b   Thumb Code     0  startup_stm32h743xx.o(.text)
    PVD_AVD_IRQHandler                       0x0800036b   Thumb Code     0  startup_stm32h743xx.o(.text)
    QUADSPI_IRQHandler                       0x0800036b   Thumb Code     0  startup_stm32h743xx.o(.text)
    RCC_IRQHandler                           0x0800036b   Thumb Code     0  startup_stm32h743xx.o(.text)
    RNG_IRQHandler                           0x0800036b   Thumb Code     0  startup_stm32h743xx.o(.text)
    RTC_Alarm_IRQHandler                     0x0800036b   Thumb Code     0  startup_stm32h743xx.o(.text)
    RTC_WKUP_IRQHandler                      0x0800036b   Thumb Code     0  startup_stm32h743xx.o(.text)
    SAI1_IRQHandler                          0x0800036b   Thumb Code     0  startup_stm32h743xx.o(.text)
    SAI2_IRQHandler                          0x0800036b   Thumb Code     0  startup_stm32h743xx.o(.text)
    SAI3_IRQHandler                          0x0800036b   Thumb Code     0  startup_stm32h743xx.o(.text)
    SAI4_IRQHandler                          0x0800036b   Thumb Code     0  startup_stm32h743xx.o(.text)
    SDMMC1_IRQHandler                        0x0800036b   Thumb Code     0  startup_stm32h743xx.o(.text)
    SDMMC2_IRQHandler                        0x0800036b   Thumb Code     0  startup_stm32h743xx.o(.text)
    SPDIF_RX_IRQHandler                      0x0800036b   Thumb Code     0  startup_stm32h743xx.o(.text)
    SPI1_IRQHandler                          0x0800036b   Thumb Code     0  startup_stm32h743xx.o(.text)
    SPI2_IRQHandler                          0x0800036b   Thumb Code     0  startup_stm32h743xx.o(.text)
    SPI3_IRQHandler                          0x0800036b   Thumb Code     0  startup_stm32h743xx.o(.text)
    SPI4_IRQHandler                          0x0800036b   Thumb Code     0  startup_stm32h743xx.o(.text)
    SPI5_IRQHandler                          0x0800036b   Thumb Code     0  startup_stm32h743xx.o(.text)
    SPI6_IRQHandler                          0x0800036b   Thumb Code     0  startup_stm32h743xx.o(.text)
    SWPMI1_IRQHandler                        0x0800036b   Thumb Code     0  startup_stm32h743xx.o(.text)
    TAMP_STAMP_IRQHandler                    0x0800036b   Thumb Code     0  startup_stm32h743xx.o(.text)
    TIM15_IRQHandler                         0x0800036b   Thumb Code     0  startup_stm32h743xx.o(.text)
    TIM16_IRQHandler                         0x0800036b   Thumb Code     0  startup_stm32h743xx.o(.text)
    TIM17_IRQHandler                         0x0800036b   Thumb Code     0  startup_stm32h743xx.o(.text)
    TIM1_BRK_IRQHandler                      0x0800036b   Thumb Code     0  startup_stm32h743xx.o(.text)
    TIM1_CC_IRQHandler                       0x0800036b   Thumb Code     0  startup_stm32h743xx.o(.text)
    TIM1_TRG_COM_IRQHandler                  0x0800036b   Thumb Code     0  startup_stm32h743xx.o(.text)
    TIM1_UP_IRQHandler                       0x0800036b   Thumb Code     0  startup_stm32h743xx.o(.text)
    TIM2_IRQHandler                          0x0800036b   Thumb Code     0  startup_stm32h743xx.o(.text)
    TIM3_IRQHandler                          0x0800036b   Thumb Code     0  startup_stm32h743xx.o(.text)
    TIM4_IRQHandler                          0x0800036b   Thumb Code     0  startup_stm32h743xx.o(.text)
    TIM5_IRQHandler                          0x0800036b   Thumb Code     0  startup_stm32h743xx.o(.text)
    TIM6_DAC_IRQHandler                      0x0800036b   Thumb Code     0  startup_stm32h743xx.o(.text)
    TIM7_IRQHandler                          0x0800036b   Thumb Code     0  startup_stm32h743xx.o(.text)
    TIM8_BRK_TIM12_IRQHandler                0x0800036b   Thumb Code     0  startup_stm32h743xx.o(.text)
    TIM8_CC_IRQHandler                       0x0800036b   Thumb Code     0  startup_stm32h743xx.o(.text)
    TIM8_TRG_COM_TIM14_IRQHandler            0x0800036b   Thumb Code     0  startup_stm32h743xx.o(.text)
    TIM8_UP_TIM13_IRQHandler                 0x0800036b   Thumb Code     0  startup_stm32h743xx.o(.text)
    UART4_IRQHandler                         0x0800036b   Thumb Code     0  startup_stm32h743xx.o(.text)
    UART5_IRQHandler                         0x0800036b   Thumb Code     0  startup_stm32h743xx.o(.text)
    UART7_IRQHandler                         0x0800036b   Thumb Code     0  startup_stm32h743xx.o(.text)
    UART8_IRQHandler                         0x0800036b   Thumb Code     0  startup_stm32h743xx.o(.text)
    USART3_IRQHandler                        0x0800036b   Thumb Code     0  startup_stm32h743xx.o(.text)
    USART6_IRQHandler                        0x0800036b   Thumb Code     0  startup_stm32h743xx.o(.text)
    WAKEUP_PIN_IRQHandler                    0x0800036b   Thumb Code     0  startup_stm32h743xx.o(.text)
    WWDG_IRQHandler                          0x0800036b   Thumb Code     0  startup_stm32h743xx.o(.text)
    __user_initial_stackheap                 0x0800036d   Thumb Code     0  startup_stm32h743xx.o(.text)
    __aeabi_uldivmod                         0x08000391   Thumb Code     0  lludivv7m.o(.text)
    _ll_udiv                                 0x08000391   Thumb Code   238  lludivv7m.o(.text)
    __2snprintf                              0x08000481   Thumb Code    50  __2snprintf.o(.text)
    __printf                                 0x080004b9   Thumb Code   270  __printf_wp.o(.text)
    strlen                                   0x080005c7   Thumb Code    62  strlen.o(.text)
    __aeabi_memcpy                           0x08000605   Thumb Code     0  rt_memcpy_v6.o(.text)
    __rt_memcpy                              0x08000605   Thumb Code   138  rt_memcpy_v6.o(.text)
    _memcpy_lastbytes                        0x0800066b   Thumb Code     0  rt_memcpy_v6.o(.text)
    __aeabi_memcpy4                          0x0800068f   Thumb Code     0  rt_memcpy_w.o(.text)
    __aeabi_memcpy8                          0x0800068f   Thumb Code     0  rt_memcpy_w.o(.text)
    __rt_memcpy_w                            0x0800068f   Thumb Code   100  rt_memcpy_w.o(.text)
    _memcpy_lastbytes_aligned                0x080006d7   Thumb Code     0  rt_memcpy_w.o(.text)
    __use_two_region_memory                  0x080006f3   Thumb Code     2  heapauxi.o(.text)
    __rt_heap_escrow$2region                 0x080006f5   Thumb Code     2  heapauxi.o(.text)
    __rt_heap_expand$2region                 0x080006f7   Thumb Code     2  heapauxi.o(.text)
    __lib_sel_fp_printf                      0x080006f9   Thumb Code     2  _printf_fp_dec.o(.text)
    _printf_fp_dec_real                      0x080008ab   Thumb Code   620  _printf_fp_dec.o(.text)
    _printf_char_common                      0x08000b23   Thumb Code    32  _printf_char_common.o(.text)
    _sputc                                   0x08000b49   Thumb Code    10  _sputc.o(.text)
    _snputc                                  0x08000b53   Thumb Code    16  _snputc.o(.text)
    __rt_locale                              0x08000b65   Thumb Code     8  rt_locale_intlibspace.o(.text)
    _ll_udiv10                               0x08000b6d   Thumb Code   138  lludiv10.o(.text)
    _printf_fp_infnan                        0x08000bf9   Thumb Code   112  _printf_fp_infnan.o(.text)
    _btod_etento                             0x08000c79   Thumb Code   224  bigflt0.o(.text)
    __user_libspace                          0x08000d5d   Thumb Code     8  libspace.o(.text)
    __user_perproc_libspace                  0x08000d5d   Thumb Code     0  libspace.o(.text)
    __user_perthread_libspace                0x08000d5d   Thumb Code     0  libspace.o(.text)
    __user_setup_stackheap                   0x08000d65   Thumb Code    74  sys_stackheap_outer.o(.text)
    exit                                     0x08000daf   Thumb Code    18  exit.o(.text)
    strcmp                                   0x08000dc1   Thumb Code   104  strcmpv7m_pel.o(.text)
    _sys_exit                                0x08000e29   Thumb Code     8  sys_exit.o(.text)
    __I$use$semihosting                      0x08000e35   Thumb Code     0  use_no_semi.o(.text)
    __use_no_semihosting_swi                 0x08000e35   Thumb Code     2  use_no_semi.o(.text)
    __semihosting_library_function           0x08000e37   Thumb Code     0  indicate_semi.o(.text)
    _btod_d2e                                0x08000e37   Thumb Code    62  btod.o(CL$$btod_d2e)
    _d2e_denorm_low                          0x08000e75   Thumb Code    70  btod.o(CL$$btod_d2e_denorm_low)
    _d2e_norm_op1                            0x08000ebb   Thumb Code    96  btod.o(CL$$btod_d2e_norm_op1)
    __btod_div_common                        0x08000f1b   Thumb Code   696  btod.o(CL$$btod_div_common)
    _e2e                                     0x08001253   Thumb Code   220  btod.o(CL$$btod_e2e)
    _btod_ediv                               0x0800132f   Thumb Code    42  btod.o(CL$$btod_ediv)
    _btod_emul                               0x08001359   Thumb Code    42  btod.o(CL$$btod_emul)
    __btod_mult_common                       0x08001383   Thumb Code   580  btod.o(CL$$btod_mult_common)
    BusFault_Handler                         0x080015c7   Thumb Code     4  stm32h7xx_it.o(i.BusFault_Handler)
    Cache_Enable                             0x080015cd   Thumb Code    24  sys.o(i.Cache_Enable)
    DMA1_Stream2_IRQHandler                  0x080015e9   Thumb Code    10  usart2.o(i.DMA1_Stream2_IRQHandler)
    DMA1_Stream4_IRQHandler                  0x080015f9   Thumb Code    10  usart2.o(i.DMA1_Stream4_IRQHandler)
    DMA1_Stream5_IRQHandler                  0x08001609   Thumb Code    10  usart.o(i.DMA1_Stream5_IRQHandler)
    DMA1_Stream6_IRQHandler                  0x08001619   Thumb Code    10  usart.o(i.DMA1_Stream6_IRQHandler)
    DebugMon_Handler                         0x08001889   Thumb Code     2  stm32h7xx_it.o(i.DebugMon_Handler)
    HAL_DMA_Abort                            0x0800188d   Thumb Code   314  stm32h7xx_hal_dma.o(i.HAL_DMA_Abort)
    HAL_DMA_Abort_IT                         0x080019d5   Thumb Code   236  stm32h7xx_hal_dma.o(i.HAL_DMA_Abort_IT)
    HAL_DMA_DeInit                           0x08001acd   Thumb Code   276  stm32h7xx_hal_dma.o(i.HAL_DMA_DeInit)
    HAL_DMA_GetError                         0x08001bed   Thumb Code     6  stm32h7xx_hal_dma.o(i.HAL_DMA_GetError)
    HAL_DMA_IRQHandler                       0x08001bf5   Thumb Code  1094  stm32h7xx_hal_dma.o(i.HAL_DMA_IRQHandler)
    HAL_DMA_Init                             0x08002041   Thumb Code   512  stm32h7xx_hal_dma.o(i.HAL_DMA_Init)
    HAL_DMA_Start_IT                         0x08002251   Thumb Code   328  stm32h7xx_hal_dma.o(i.HAL_DMA_Start_IT)
    HAL_EnableCompensationCell               0x080023a1   Thumb Code    14  stm32h7xx_hal.o(i.HAL_EnableCompensationCell)
    HAL_GPIO_Init                            0x080023b5   Thumb Code   534  stm32h7xx_hal_gpio.o(i.HAL_GPIO_Init)
    HAL_GPIO_WritePin                        0x08002601   Thumb Code    10  stm32h7xx_hal_gpio.o(i.HAL_GPIO_WritePin)
    HAL_GetTick                              0x0800260d   Thumb Code     8  stm32h7xx_hal.o(i.HAL_GetTick)
    HAL_IncTick                              0x08002619   Thumb Code    16  stm32h7xx_hal.o(i.HAL_IncTick)
    HAL_Init                                 0x08002631   Thumb Code    28  stm32h7xx_hal.o(i.HAL_Init)
    HAL_InitTick                             0x0800264d   Thumb Code    64  stm32h7xx_hal.o(i.HAL_InitTick)
    HAL_MspInit                              0x08002699   Thumb Code     2  stm32h7xx_hal_msp.o(i.HAL_MspInit)
    HAL_NVIC_EnableIRQ                       0x0800269b   Thumb Code    32  stm32h7xx_hal_cortex.o(i.HAL_NVIC_EnableIRQ)
    HAL_NVIC_SetPriority                     0x080026bb   Thumb Code   122  stm32h7xx_hal_cortex.o(i.HAL_NVIC_SetPriority)
    HAL_NVIC_SetPriorityGrouping             0x08002735   Thumb Code    32  stm32h7xx_hal_cortex.o(i.HAL_NVIC_SetPriorityGrouping)
    HAL_RCCEx_GetD1SysClockFreq              0x0800275d   Thumb Code    44  stm32h7xx_hal_rcc_ex.o(i.HAL_RCCEx_GetD1SysClockFreq)
    HAL_RCCEx_GetD3PCLK1Freq                 0x08002795   Thumb Code    34  stm32h7xx_hal_rcc_ex.o(i.HAL_RCCEx_GetD3PCLK1Freq)
    HAL_RCCEx_GetPLL2ClockFreq               0x080027c1   Thumb Code   532  stm32h7xx_hal_rcc_ex.o(i.HAL_RCCEx_GetPLL2ClockFreq)
    HAL_RCCEx_GetPLL3ClockFreq               0x080029ed   Thumb Code   532  stm32h7xx_hal_rcc_ex.o(i.HAL_RCCEx_GetPLL3ClockFreq)
    HAL_RCCEx_PeriphCLKConfig                0x08002c19   Thumb Code  2868  stm32h7xx_hal_rcc_ex.o(i.HAL_RCCEx_PeriphCLKConfig)
    HAL_RCC_ClockConfig                      0x08003751   Thumb Code   574  stm32h7xx_hal_rcc.o(i.HAL_RCC_ClockConfig)
    HAL_RCC_GetHCLKFreq                      0x080039a1   Thumb Code    42  stm32h7xx_hal_rcc.o(i.HAL_RCC_GetHCLKFreq)
    HAL_RCC_GetPCLK1Freq                     0x080039d9   Thumb Code    34  stm32h7xx_hal_rcc.o(i.HAL_RCC_GetPCLK1Freq)
    HAL_RCC_GetPCLK2Freq                     0x08003a05   Thumb Code    36  stm32h7xx_hal_rcc.o(i.HAL_RCC_GetPCLK2Freq)
    HAL_RCC_GetSysClockFreq                  0x08003a31   Thumb Code   556  stm32h7xx_hal_rcc.o(i.HAL_RCC_GetSysClockFreq)
    HAL_RCC_OscConfig                        0x08003c75   Thumb Code  1724  stm32h7xx_hal_rcc.o(i.HAL_RCC_OscConfig)
    HAL_SYSTICK_CLKSourceConfig              0x08004339   Thumb Code    40  stm32h7xx_hal_cortex.o(i.HAL_SYSTICK_CLKSourceConfig)
    HAL_SYSTICK_Config                       0x08004361   Thumb Code    52  stm32h7xx_hal_cortex.o(i.HAL_SYSTICK_Config)
    HAL_UARTEx_WakeupCallback                0x08004395   Thumb Code     2  stm32h7xx_hal_uart_ex.o(i.HAL_UARTEx_WakeupCallback)
    HAL_UART_DMAStop                         0x08004397   Thumb Code   100  stm32h7xx_hal_uart.o(i.HAL_UART_DMAStop)
    HAL_UART_ErrorCallback                   0x080043fb   Thumb Code     2  stm32h7xx_hal_uart.o(i.HAL_UART_ErrorCallback)
    HAL_UART_IRQHandler                      0x080043fd   Thumb Code   434  stm32h7xx_hal_uart.o(i.HAL_UART_IRQHandler)
    HAL_UART_Init                            0x080045b9   Thumb Code   120  stm32h7xx_hal_uart.o(i.HAL_UART_Init)
    HAL_UART_MspInit                         0x08004631   Thumb Code     2  stm32h7xx_hal_uart.o(i.HAL_UART_MspInit)
    HAL_UART_Receive_DMA                     0x08004635   Thumb Code   162  stm32h7xx_hal_uart.o(i.HAL_UART_Receive_DMA)
    HAL_UART_RxCpltCallback                  0x080046e5   Thumb Code     2  stm32h7xx_hal_uart.o(i.HAL_UART_RxCpltCallback)
    HAL_UART_RxHalfCpltCallback              0x080046e7   Thumb Code     2  stm32h7xx_hal_uart.o(i.HAL_UART_RxHalfCpltCallback)
    HAL_UART_Transmit                        0x080046e9   Thumb Code   198  stm32h7xx_hal_uart.o(i.HAL_UART_Transmit)
    HAL_UART_Transmit_DMA                    0x080047b1   Thumb Code   142  stm32h7xx_hal_uart.o(i.HAL_UART_Transmit_DMA)
    HAL_UART_TxCpltCallback                  0x0800484d   Thumb Code     2  stm32h7xx_hal_uart.o(i.HAL_UART_TxCpltCallback)
    HAL_UART_TxHalfCpltCallback              0x0800484f   Thumb Code     2  stm32h7xx_hal_uart.o(i.HAL_UART_TxHalfCpltCallback)
    HardFault_Handler                        0x08004851   Thumb Code     4  stm32h7xx_it.o(i.HardFault_Handler)
    MAX1486_ctr                              0x08004855   Thumb Code    78  max1486.o(i.MAX1486_ctr)
    MAX1486_init                             0x080048ad   Thumb Code   108  max1486.o(i.MAX1486_init)
    MT_IMU_setMode                           0x08004921   Thumb Code    76  imu.o(i.MT_IMU_setMode)
    MT_IMU_setRate                           0x08004975   Thumb Code    72  imu.o(i.MT_IMU_setRate)
    MT_IMU_setSync                           0x080049c5   Thumb Code    72  imu.o(i.MT_IMU_setSync)
    NMI_Handler                              0x08004a15   Thumb Code     2  stm32h7xx_it.o(i.NMI_Handler)
    PendSV_Handler                           0x08004a17   Thumb Code     2  stm32h7xx_it.o(i.PendSV_Handler)
    SVC_Handler                              0x08004f05   Thumb Code     2  stm32h7xx_it.o(i.SVC_Handler)
    Stm32_Clock_Init                         0x08004f09   Thumb Code   238  sys.o(i.Stm32_Clock_Init)
    SysTick_Handler                          0x08005001   Thumb Code     8  stm32h7xx_it.o(i.SysTick_Handler)
    SystemInit                               0x08005009   Thumb Code   130  system_stm32h7xx.o(i.SystemInit)
    UART_AdvFeatureConfig                    0x0800509d   Thumb Code   234  stm32h7xx_hal_uart.o(i.UART_AdvFeatureConfig)
    UART_CheckIdleState                      0x08005187   Thumb Code   116  stm32h7xx_hal_uart.o(i.UART_CheckIdleState)
    UART_SetConfig                           0x080053e5   Thumb Code  2452  stm32h7xx_hal_uart.o(i.UART_SetConfig)
    UART_WaitOnFlagUntilTimeout              0x08005e0b   Thumb Code   108  stm32h7xx_hal_uart.o(i.UART_WaitOnFlagUntilTimeout)
    USART1_DMA_Send_data                     0x08005e79   Thumb Code    32  usart.o(i.USART1_DMA_Send_data)
    USART1_IRQHandler                        0x08005ea1   Thumb Code    64  usart.o(i.USART1_IRQHandler)
    USART2_IRQHandler                        0x08005ee9   Thumb Code   160  usart2.o(i.USART2_IRQHandler)
    USART2_Send_data                         0x08005fad   Thumb Code    34  usart2.o(i.USART2_Send_data)
    UsageFault_Handler                       0x08005fd9   Thumb Code     4  stm32h7xx_it.o(i.UsageFault_Handler)
    __ARM_fpclassify                         0x08005fdd   Thumb Code    48  fpclassify.o(i.__ARM_fpclassify)
    _is_digit                                0x08006045   Thumb Code    14  __printf_wp.o(i._is_digit)
    dataCheck_MT                             0x08006053   Thumb Code    40  check_alg.o(i.dataCheck_MT)
    decodeAndPrnMode0                        0x0800607d   Thumb Code   642  imu.o(i.decodeAndPrnMode0)
    decodeAndPrnMode1                        0x080063c9   Thumb Code   394  imu.o(i.decodeAndPrnMode1)
    decodeAndPrnMode2                        0x080065d9   Thumb Code   334  imu.o(i.decodeAndPrnMode2)
    decodeAndPrnMode4                        0x08006789   Thumb Code   466  imu.o(i.decodeAndPrnMode4)
    decodeAndPrnMode5                        0x080069f1   Thumb Code   708  imu.o(i.decodeAndPrnMode5)
    delay_init                               0x08006d99   Thumb Code    16  delay.o(i.delay_init)
    delay_ms                                 0x08006dad   Thumb Code    24  delay.o(i.delay_ms)
    delay_us                                 0x08006dc5   Thumb Code    68  delay.o(i.delay_us)
    main                                     0x08006e0d   Thumb Code   354  main.o(i.main)
    uart1_init                               0x08006f8d   Thumb Code   454  usart.o(i.uart1_init)
    uart2_init                               0x08007175   Thumb Code   450  usart2.o(i.uart2_init)
    _get_lc_numeric                          0x08007359   Thumb Code    44  lc_numeric_c.o(locale$$code)
    __aeabi_ul2f                             0x08007385   Thumb Code     0  ffltll_clz.o(x$fpl$ffltll)
    _ll_uto_f                                0x08007385   Thumb Code     6  ffltll_clz.o(x$fpl$ffltll)
    __aeabi_l2f                              0x0800738b   Thumb Code     0  ffltll_clz.o(x$fpl$ffltll)
    _ll_sto_f                                0x0800738b   Thumb Code    90  ffltll_clz.o(x$fpl$ffltll)
    _fp_init                                 0x080073e5   Thumb Code    10  fpinit.o(x$fpl$fpinit)
    __fplib_config_fpu_vfp                   0x080073ed   Thumb Code     0  fpinit.o(x$fpl$fpinit)
    __fplib_config_pureend_doubles           0x080073ed   Thumb Code     0  fpinit.o(x$fpl$fpinit)
    _printf_fp_dec                           0x080073ef   Thumb Code     4  printf1.o(x$fpl$printf1)
    __I$use$fp                               0x080073f2   Number         0  usenofp.o(x$fpl$usenofp)
    D1CorePrescTable                         0x08007422   Data          16  system_stm32h7xx.o(.constdata)
    Region$$Table$$Base                      0x08007530   Number         0  anon$$obj.o(Region$$Table)
    Region$$Table$$Limit                     0x08007550   Number         0  anon$$obj.o(Region$$Table)
    DataRDY                                  0x24000026   Data           1  main.o(.data)
    start_listen_flag                        0x24000027   Data           1  main.o(.data)
    ck_check                                 0x24000028   Data           2  main.o(.data)
    SystemCoreClock                          0x2400002c   Data           4  system_stm32h7xx.o(.data)
    SystemD2Clock                            0x24000030   Data           4  system_stm32h7xx.o(.data)
    len2                                     0x24000060   Data           4  usart2.o(.data)
    usart2_send_flag                         0x24000064   Data           1  usart2.o(.data)
    check_temp                               0x24000097   Data           2  imu.o(.data)
    imu_data_trans                           0x2400009c   Data         260  main.o(.bss)
    USART1_RX_BUF                            0x240001a0   Data        1024  usart.o(.bss)
    USART1_TX_BUF                            0x240005a0   Data        1024  usart.o(.bss)
    USART1_Handler                           0x240009a0   Data         128  usart.o(.bss)
    HAL_DMA_USART1_RX_Handle                 0x24000a20   Data         120  usart.o(.bss)
    HAL_DMA_USART1_TX_Handle                 0x24000a98   Data         120  usart.o(.bss)
    USART2_RX_BUF                            0x24000b10   Data        1024  usart2.o(.bss)
    USART2_TX_BUF                            0x24000f10   Data        1024  usart2.o(.bss)
    USART2_Handler                           0x24001310   Data         128  usart2.o(.bss)
    HAL_DMA_USART2_RX_Handle                 0x24001390   Data         120  usart2.o(.bss)
    HAL_DMA_USART2_TX_Handle                 0x24001408   Data         120  usart2.o(.bss)
    imuData                                  0x24001480   Data          64  imu.o(.bss)
    cmdDataSend                              0x240014c0   Data          16  imu.o(.bss)
    outputDataSend                           0x240014d0   Data          16  imu.o(.bss)
    tx_buffer                                0x240014e0   Data         512  imu.o(.bss)
    __libspace_start                         0x240016e0   Data          96  libspace.o(.bss)
    __temporary_stack_top$libspace           0x24001740   Data           0  libspace.o(.bss)



==============================================================================

Memory Map of the image

  Image Entry point : 0x08000299

  Load Region LR_IROM1 (Base: 0x08000000, Size: 0x00007608, Max: 0x000e0000, ABSOLUTE)

    Execution Region ER_IROM1 (Exec base: 0x08000000, Load base: 0x08000000, Size: 0x0000756c, Max: 0x000e0000, ABSOLUTE)

    Exec Addr    Load Addr    Size         Type   Attr      Idx    E Section Name        Object

    0x08000000   0x08000000   0x00000298   Data   RO          770    RESET               startup_stm32h743xx.o
    0x08000298   0x08000298   0x00000008   Code   RO         6380  * !!!main             c_w.l(__main.o)
    0x080002a0   0x080002a0   0x00000034   Code   RO         6608    !!!scatter          c_w.l(__scatter.o)
    0x080002d4   0x080002d4   0x0000001a   Code   RO         6610    !!handler_copy      c_w.l(__scatter_copy.o)
    0x080002ee   0x080002ee   0x00000002   PAD
    0x080002f0   0x080002f0   0x0000001c   Code   RO         6612    !!handler_zi        c_w.l(__scatter_zi.o)
    0x0800030c   0x0800030c   0x00000000   Code   RO         6371    .ARM.Collect$$_printf_percent$$00000000  c_w.l(_printf_percent.o)
    0x0800030c   0x0800030c   0x00000006   Code   RO         6370    .ARM.Collect$$_printf_percent$$00000003  c_w.l(_printf_f.o)
    0x08000312   0x08000312   0x00000004   Code   RO         6399    .ARM.Collect$$_printf_percent$$00000017  c_w.l(_printf_percent_end.o)
    0x08000316   0x08000316   0x00000002   Code   RO         6479    .ARM.Collect$$libinit$$00000000  c_w.l(libinit.o)
    0x08000318   0x08000318   0x00000004   Code   RO         6480    .ARM.Collect$$libinit$$00000001  c_w.l(libinit2.o)
    0x0800031c   0x0800031c   0x00000000   Code   RO         6483    .ARM.Collect$$libinit$$00000004  c_w.l(libinit2.o)
    0x0800031c   0x0800031c   0x00000000   Code   RO         6486    .ARM.Collect$$libinit$$0000000A  c_w.l(libinit2.o)
    0x0800031c   0x0800031c   0x00000000   Code   RO         6488    .ARM.Collect$$libinit$$0000000C  c_w.l(libinit2.o)
    0x0800031c   0x0800031c   0x00000000   Code   RO         6490    .ARM.Collect$$libinit$$0000000E  c_w.l(libinit2.o)
    0x0800031c   0x0800031c   0x00000006   Code   RO         6491    .ARM.Collect$$libinit$$0000000F  c_w.l(libinit2.o)
    0x08000322   0x08000322   0x00000000   Code   RO         6493    .ARM.Collect$$libinit$$00000011  c_w.l(libinit2.o)
    0x08000322   0x08000322   0x00000000   Code   RO         6495    .ARM.Collect$$libinit$$00000013  c_w.l(libinit2.o)
    0x08000322   0x08000322   0x00000000   Code   RO         6497    .ARM.Collect$$libinit$$00000015  c_w.l(libinit2.o)
    0x08000322   0x08000322   0x0000000a   Code   RO         6498    .ARM.Collect$$libinit$$00000016  c_w.l(libinit2.o)
    0x0800032c   0x0800032c   0x00000000   Code   RO         6499    .ARM.Collect$$libinit$$00000017  c_w.l(libinit2.o)
    0x0800032c   0x0800032c   0x00000000   Code   RO         6501    .ARM.Collect$$libinit$$00000019  c_w.l(libinit2.o)
    0x0800032c   0x0800032c   0x00000000   Code   RO         6503    .ARM.Collect$$libinit$$0000001B  c_w.l(libinit2.o)
    0x0800032c   0x0800032c   0x00000000   Code   RO         6505    .ARM.Collect$$libinit$$0000001D  c_w.l(libinit2.o)
    0x0800032c   0x0800032c   0x00000000   Code   RO         6507    .ARM.Collect$$libinit$$0000001F  c_w.l(libinit2.o)
    0x0800032c   0x0800032c   0x00000000   Code   RO         6509    .ARM.Collect$$libinit$$00000021  c_w.l(libinit2.o)
    0x0800032c   0x0800032c   0x00000000   Code   RO         6511    .ARM.Collect$$libinit$$00000023  c_w.l(libinit2.o)
    0x0800032c   0x0800032c   0x00000000   Code   RO         6513    .ARM.Collect$$libinit$$00000025  c_w.l(libinit2.o)
    0x0800032c   0x0800032c   0x00000000   Code   RO         6517    .ARM.Collect$$libinit$$0000002C  c_w.l(libinit2.o)
    0x0800032c   0x0800032c   0x00000000   Code   RO         6519    .ARM.Collect$$libinit$$0000002E  c_w.l(libinit2.o)
    0x0800032c   0x0800032c   0x00000000   Code   RO         6521    .ARM.Collect$$libinit$$00000030  c_w.l(libinit2.o)
    0x0800032c   0x0800032c   0x00000000   Code   RO         6523    .ARM.Collect$$libinit$$00000032  c_w.l(libinit2.o)
    0x0800032c   0x0800032c   0x00000002   Code   RO         6524    .ARM.Collect$$libinit$$00000033  c_w.l(libinit2.o)
    0x0800032e   0x0800032e   0x00000002   Code   RO         6571    .ARM.Collect$$libshutdown$$00000000  c_w.l(libshutdown.o)
    0x08000330   0x08000330   0x00000000   Code   RO         6589    .ARM.Collect$$libshutdown$$00000002  c_w.l(libshutdown2.o)
    0x08000330   0x08000330   0x00000000   Code   RO         6591    .ARM.Collect$$libshutdown$$00000004  c_w.l(libshutdown2.o)
    0x08000330   0x08000330   0x00000000   Code   RO         6593    .ARM.Collect$$libshutdown$$00000006  c_w.l(libshutdown2.o)
    0x08000330   0x08000330   0x00000000   Code   RO         6596    .ARM.Collect$$libshutdown$$00000009  c_w.l(libshutdown2.o)
    0x08000330   0x08000330   0x00000000   Code   RO         6599    .ARM.Collect$$libshutdown$$0000000C  c_w.l(libshutdown2.o)
    0x08000330   0x08000330   0x00000000   Code   RO         6601    .ARM.Collect$$libshutdown$$0000000E  c_w.l(libshutdown2.o)
    0x08000330   0x08000330   0x00000000   Code   RO         6604    .ARM.Collect$$libshutdown$$00000011  c_w.l(libshutdown2.o)
    0x08000330   0x08000330   0x00000002   Code   RO         6605    .ARM.Collect$$libshutdown$$00000012  c_w.l(libshutdown2.o)
    0x08000332   0x08000332   0x00000000   Code   RO         6386    .ARM.Collect$$rtentry$$00000000  c_w.l(__rtentry.o)
    0x08000332   0x08000332   0x00000000   Code   RO         6402    .ARM.Collect$$rtentry$$00000002  c_w.l(__rtentry2.o)
    0x08000332   0x08000332   0x00000006   Code   RO         6414    .ARM.Collect$$rtentry$$00000004  c_w.l(__rtentry4.o)
    0x08000338   0x08000338   0x00000000   Code   RO         6404    .ARM.Collect$$rtentry$$00000009  c_w.l(__rtentry2.o)
    0x08000338   0x08000338   0x00000004   Code   RO         6405    .ARM.Collect$$rtentry$$0000000A  c_w.l(__rtentry2.o)
    0x0800033c   0x0800033c   0x00000000   Code   RO         6407    .ARM.Collect$$rtentry$$0000000C  c_w.l(__rtentry2.o)
    0x0800033c   0x0800033c   0x00000008   Code   RO         6408    .ARM.Collect$$rtentry$$0000000D  c_w.l(__rtentry2.o)
    0x08000344   0x08000344   0x00000002   Code   RO         6525    .ARM.Collect$$rtexit$$00000000  c_w.l(rtexit.o)
    0x08000346   0x08000346   0x00000000   Code   RO         6540    .ARM.Collect$$rtexit$$00000002  c_w.l(rtexit2.o)
    0x08000346   0x08000346   0x00000004   Code   RO         6541    .ARM.Collect$$rtexit$$00000003  c_w.l(rtexit2.o)
    0x0800034a   0x0800034a   0x00000006   Code   RO         6542    .ARM.Collect$$rtexit$$00000004  c_w.l(rtexit2.o)
    0x08000350   0x08000350   0x00000040   Code   RO          771    .text               startup_stm32h743xx.o
    0x08000390   0x08000390   0x000000ee   Code   RO         6342    .text               c_w.l(lludivv7m.o)
    0x0800047e   0x0800047e   0x00000002   PAD
    0x08000480   0x08000480   0x00000038   Code   RO         6344    .text               c_w.l(__2snprintf.o)
    0x080004b8   0x080004b8   0x0000010e   Code   RO         6358    .text               c_w.l(__printf_wp.o)
    0x080005c6   0x080005c6   0x0000003e   Code   RO         6372    .text               c_w.l(strlen.o)
    0x08000604   0x08000604   0x0000008a   Code   RO         6374    .text               c_w.l(rt_memcpy_v6.o)
    0x0800068e   0x0800068e   0x00000064   Code   RO         6376    .text               c_w.l(rt_memcpy_w.o)
    0x080006f2   0x080006f2   0x00000006   Code   RO         6378    .text               c_w.l(heapauxi.o)
    0x080006f8   0x080006f8   0x0000041e   Code   RO         6391    .text               c_w.l(_printf_fp_dec.o)
    0x08000b16   0x08000b16   0x00000002   PAD
    0x08000b18   0x08000b18   0x00000030   Code   RO         6393    .text               c_w.l(_printf_char_common.o)
    0x08000b48   0x08000b48   0x0000000a   Code   RO         6395    .text               c_w.l(_sputc.o)
    0x08000b52   0x08000b52   0x00000010   Code   RO         6397    .text               c_w.l(_snputc.o)
    0x08000b62   0x08000b62   0x00000002   PAD
    0x08000b64   0x08000b64   0x00000008   Code   RO         6421    .text               c_w.l(rt_locale_intlibspace.o)
    0x08000b6c   0x08000b6c   0x0000008a   Code   RO         6423    .text               c_w.l(lludiv10.o)
    0x08000bf6   0x08000bf6   0x00000002   PAD
    0x08000bf8   0x08000bf8   0x00000080   Code   RO         6425    .text               c_w.l(_printf_fp_infnan.o)
    0x08000c78   0x08000c78   0x000000e4   Code   RO         6429    .text               c_w.l(bigflt0.o)
    0x08000d5c   0x08000d5c   0x00000008   Code   RO         6461    .text               c_w.l(libspace.o)
    0x08000d64   0x08000d64   0x0000004a   Code   RO         6464    .text               c_w.l(sys_stackheap_outer.o)
    0x08000dae   0x08000dae   0x00000012   Code   RO         6466    .text               c_w.l(exit.o)
    0x08000dc0   0x08000dc0   0x00000068   Code   RO         6472    .text               c_w.l(strcmpv7m_pel.o)
    0x08000e28   0x08000e28   0x0000000c   Code   RO         6537    .text               c_w.l(sys_exit.o)
    0x08000e34   0x08000e34   0x00000002   Code   RO         6558    .text               c_w.l(use_no_semi.o)
    0x08000e36   0x08000e36   0x00000000   Code   RO         6560    .text               c_w.l(indicate_semi.o)
    0x08000e36   0x08000e36   0x0000003e   Code   RO         6432    CL$$btod_d2e        c_w.l(btod.o)
    0x08000e74   0x08000e74   0x00000046   Code   RO         6434    CL$$btod_d2e_denorm_low  c_w.l(btod.o)
    0x08000eba   0x08000eba   0x00000060   Code   RO         6433    CL$$btod_d2e_norm_op1  c_w.l(btod.o)
    0x08000f1a   0x08000f1a   0x00000338   Code   RO         6442    CL$$btod_div_common  c_w.l(btod.o)
    0x08001252   0x08001252   0x000000dc   Code   RO         6439    CL$$btod_e2e        c_w.l(btod.o)
    0x0800132e   0x0800132e   0x0000002a   Code   RO         6436    CL$$btod_ediv       c_w.l(btod.o)
    0x08001358   0x08001358   0x0000002a   Code   RO         6435    CL$$btod_emul       c_w.l(btod.o)
    0x08001382   0x08001382   0x00000244   Code   RO         6441    CL$$btod_mult_common  c_w.l(btod.o)
    0x080015c6   0x080015c6   0x00000004   Code   RO          358    i.BusFault_Handler  stm32h7xx_it.o
    0x080015ca   0x080015ca   0x00000002   PAD
    0x080015cc   0x080015cc   0x0000001c   Code   RO          824    i.Cache_Enable      sys.o
    0x080015e8   0x080015e8   0x00000010   Code   RO          965    i.DMA1_Stream2_IRQHandler  usart2.o
    0x080015f8   0x080015f8   0x00000010   Code   RO          966    i.DMA1_Stream4_IRQHandler  usart2.o
    0x08001608   0x08001608   0x00000010   Code   RO          885    i.DMA1_Stream5_IRQHandler  usart.o
    0x08001618   0x08001618   0x00000010   Code   RO          886    i.DMA1_Stream6_IRQHandler  usart.o
    0x08001628   0x08001628   0x00000034   Code   RO         1511    i.DMA_CalcBaseAndBitshift  stm32h7xx_hal_dma.o
    0x0800165c   0x0800165c   0x00000074   Code   RO         1512    i.DMA_CalcDMAMUXChannelBaseAndMask  stm32h7xx_hal_dma.o
    0x080016d0   0x080016d0   0x00000054   Code   RO         1513    i.DMA_CalcDMAMUXRequestGenBaseAndMask  stm32h7xx_hal_dma.o
    0x08001724   0x08001724   0x000000ae   Code   RO         1514    i.DMA_CheckFifoParam  stm32h7xx_hal_dma.o
    0x080017d2   0x080017d2   0x00000002   PAD
    0x080017d4   0x080017d4   0x000000b4   Code   RO         1515    i.DMA_SetConfig     stm32h7xx_hal_dma.o
    0x08001888   0x08001888   0x00000002   Code   RO          359    i.DebugMon_Handler  stm32h7xx_it.o
    0x0800188a   0x0800188a   0x00000002   PAD
    0x0800188c   0x0800188c   0x00000148   Code   RO         1516    i.HAL_DMA_Abort     stm32h7xx_hal_dma.o
    0x080019d4   0x080019d4   0x000000f8   Code   RO         1517    i.HAL_DMA_Abort_IT  stm32h7xx_hal_dma.o
    0x08001acc   0x08001acc   0x00000120   Code   RO         1518    i.HAL_DMA_DeInit    stm32h7xx_hal_dma.o
    0x08001bec   0x08001bec   0x00000006   Code   RO         1519    i.HAL_DMA_GetError  stm32h7xx_hal_dma.o
    0x08001bf2   0x08001bf2   0x00000002   PAD
    0x08001bf4   0x08001bf4   0x0000044c   Code   RO         1521    i.HAL_DMA_IRQHandler  stm32h7xx_hal_dma.o
    0x08002040   0x08002040   0x00000210   Code   RO         1522    i.HAL_DMA_Init      stm32h7xx_hal_dma.o
    0x08002250   0x08002250   0x00000150   Code   RO         1526    i.HAL_DMA_Start_IT  stm32h7xx_hal_dma.o
    0x080023a0   0x080023a0   0x00000014   Code   RO         1058    i.HAL_EnableCompensationCell  stm32h7xx_hal.o
    0x080023b4   0x080023b4   0x0000024c   Code   RO         1704    i.HAL_GPIO_Init     stm32h7xx_hal_gpio.o
    0x08002600   0x08002600   0x0000000a   Code   RO         1708    i.HAL_GPIO_WritePin  stm32h7xx_hal_gpio.o
    0x0800260a   0x0800260a   0x00000002   PAD
    0x0800260c   0x0800260c   0x0000000c   Code   RO         1065    i.HAL_GetTick       stm32h7xx_hal.o
    0x08002618   0x08002618   0x00000018   Code   RO         1068    i.HAL_IncTick       stm32h7xx_hal.o
    0x08002630   0x08002630   0x0000001c   Code   RO         1069    i.HAL_Init          stm32h7xx_hal.o
    0x0800264c   0x0800264c   0x0000004c   Code   RO         1070    i.HAL_InitTick      stm32h7xx_hal.o
    0x08002698   0x08002698   0x00000002   Code   RO          740    i.HAL_MspInit       stm32h7xx_hal_msp.o
    0x0800269a   0x0800269a   0x00000020   Code   RO         1369    i.HAL_NVIC_EnableIRQ  stm32h7xx_hal_cortex.o
    0x080026ba   0x080026ba   0x0000007a   Code   RO         1375    i.HAL_NVIC_SetPriority  stm32h7xx_hal_cortex.o
    0x08002734   0x08002734   0x00000028   Code   RO         1376    i.HAL_NVIC_SetPriorityGrouping  stm32h7xx_hal_cortex.o
    0x0800275c   0x0800275c   0x00000038   Code   RO         2399    i.HAL_RCCEx_GetD1SysClockFreq  stm32h7xx_hal_rcc_ex.o
    0x08002794   0x08002794   0x0000002c   Code   RO         2400    i.HAL_RCCEx_GetD3PCLK1Freq  stm32h7xx_hal_rcc_ex.o
    0x080027c0   0x080027c0   0x0000022c   Code   RO         2402    i.HAL_RCCEx_GetPLL2ClockFreq  stm32h7xx_hal_rcc_ex.o
    0x080029ec   0x080029ec   0x0000022c   Code   RO         2403    i.HAL_RCCEx_GetPLL3ClockFreq  stm32h7xx_hal_rcc_ex.o
    0x08002c18   0x08002c18   0x00000b38   Code   RO         2407    i.HAL_RCCEx_PeriphCLKConfig  stm32h7xx_hal_rcc_ex.o
    0x08003750   0x08003750   0x00000250   Code   RO         2290    i.HAL_RCC_ClockConfig  stm32h7xx_hal_rcc.o
    0x080039a0   0x080039a0   0x00000038   Code   RO         2294    i.HAL_RCC_GetHCLKFreq  stm32h7xx_hal_rcc.o
    0x080039d8   0x080039d8   0x0000002c   Code   RO         2296    i.HAL_RCC_GetPCLK1Freq  stm32h7xx_hal_rcc.o
    0x08003a04   0x08003a04   0x0000002c   Code   RO         2297    i.HAL_RCC_GetPCLK2Freq  stm32h7xx_hal_rcc.o
    0x08003a30   0x08003a30   0x00000244   Code   RO         2298    i.HAL_RCC_GetSysClockFreq  stm32h7xx_hal_rcc.o
    0x08003c74   0x08003c74   0x000006c4   Code   RO         2301    i.HAL_RCC_OscConfig  stm32h7xx_hal_rcc.o
    0x08004338   0x08004338   0x00000028   Code   RO         1378    i.HAL_SYSTICK_CLKSourceConfig  stm32h7xx_hal_cortex.o
    0x08004360   0x08004360   0x00000034   Code   RO         1380    i.HAL_SYSTICK_Config  stm32h7xx_hal_cortex.o
    0x08004394   0x08004394   0x00000002   Code   RO         2913    i.HAL_UARTEx_WakeupCallback  stm32h7xx_hal_uart_ex.o
    0x08004396   0x08004396   0x00000064   Code   RO         2575    i.HAL_UART_DMAStop  stm32h7xx_hal_uart.o
    0x080043fa   0x080043fa   0x00000002   Code   RO         2577    i.HAL_UART_ErrorCallback  stm32h7xx_hal_uart.o
    0x080043fc   0x080043fc   0x000001bc   Code   RO         2580    i.HAL_UART_IRQHandler  stm32h7xx_hal_uart.o
    0x080045b8   0x080045b8   0x00000078   Code   RO         2581    i.HAL_UART_Init     stm32h7xx_hal_uart.o
    0x08004630   0x08004630   0x00000002   Code   RO         2583    i.HAL_UART_MspInit  stm32h7xx_hal_uart.o
    0x08004632   0x08004632   0x00000002   PAD
    0x08004634   0x08004634   0x000000b0   Code   RO         2585    i.HAL_UART_Receive_DMA  stm32h7xx_hal_uart.o
    0x080046e4   0x080046e4   0x00000002   Code   RO         2587    i.HAL_UART_RxCpltCallback  stm32h7xx_hal_uart.o
    0x080046e6   0x080046e6   0x00000002   Code   RO         2588    i.HAL_UART_RxHalfCpltCallback  stm32h7xx_hal_uart.o
    0x080046e8   0x080046e8   0x000000c6   Code   RO         2589    i.HAL_UART_Transmit  stm32h7xx_hal_uart.o
    0x080047ae   0x080047ae   0x00000002   PAD
    0x080047b0   0x080047b0   0x0000009c   Code   RO         2590    i.HAL_UART_Transmit_DMA  stm32h7xx_hal_uart.o
    0x0800484c   0x0800484c   0x00000002   Code   RO         2592    i.HAL_UART_TxCpltCallback  stm32h7xx_hal_uart.o
    0x0800484e   0x0800484e   0x00000002   Code   RO         2593    i.HAL_UART_TxHalfCpltCallback  stm32h7xx_hal_uart.o
    0x08004850   0x08004850   0x00000004   Code   RO          360    i.HardFault_Handler  stm32h7xx_it.o
    0x08004854   0x08004854   0x00000058   Code   RO         6201    i.MAX1486_ctr       max1486.o
    0x080048ac   0x080048ac   0x00000074   Code   RO         6202    i.MAX1486_init      max1486.o
    0x08004920   0x08004920   0x00000054   Code   RO         6246    i.MT_IMU_setMode    imu.o
    0x08004974   0x08004974   0x00000050   Code   RO         6247    i.MT_IMU_setRate    imu.o
    0x080049c4   0x080049c4   0x00000050   Code   RO         6248    i.MT_IMU_setSync    imu.o
    0x08004a14   0x08004a14   0x00000002   Code   RO          361    i.NMI_Handler       stm32h7xx_it.o
    0x08004a16   0x08004a16   0x00000002   Code   RO          362    i.PendSV_Handler    stm32h7xx_it.o
    0x08004a18   0x08004a18   0x00000130   Code   RO         2410    i.RCCEx_PLL2_Config  stm32h7xx_hal_rcc_ex.o
    0x08004b48   0x08004b48   0x00000130   Code   RO         2411    i.RCCEx_PLL3_Config  stm32h7xx_hal_rcc_ex.o
    0x08004c78   0x08004c78   0x0000007c   Code   RO          887    i.SCB_CleanDCache   usart.o
    0x08004cf4   0x08004cf4   0x0000007c   Code   RO          967    i.SCB_CleanDCache   usart2.o
    0x08004d70   0x08004d70   0x0000009c   Code   RO          827    i.SCB_EnableDCache  sys.o
    0x08004e0c   0x08004e0c   0x0000007c   Code   RO          828    i.SCB_EnableICache  sys.o
    0x08004e88   0x08004e88   0x0000007c   Code   RO          968    i.SCB_InvalidateDCache  usart2.o
    0x08004f04   0x08004f04   0x00000002   Code   RO          363    i.SVC_Handler       stm32h7xx_it.o
    0x08004f06   0x08004f06   0x00000002   PAD
    0x08004f08   0x08004f08   0x000000f8   Code   RO          829    i.Stm32_Clock_Init  sys.o
    0x08005000   0x08005000   0x00000008   Code   RO          364    i.SysTick_Handler   stm32h7xx_it.o
    0x08005008   0x08005008   0x00000094   Code   RO          703    i.SystemInit        system_stm32h7xx.o
    0x0800509c   0x0800509c   0x000000ea   Code   RO         2594    i.UART_AdvFeatureConfig  stm32h7xx_hal_uart.o
    0x08005186   0x08005186   0x00000074   Code   RO         2595    i.UART_CheckIdleState  stm32h7xx_hal_uart.o
    0x080051fa   0x080051fa   0x00000018   Code   RO         2596    i.UART_DMAAbortOnError  stm32h7xx_hal_uart.o
    0x08005212   0x08005212   0x0000005c   Code   RO         2597    i.UART_DMAError     stm32h7xx_hal_uart.o
    0x0800526e   0x0800526e   0x00000046   Code   RO         2598    i.UART_DMAReceiveCplt  stm32h7xx_hal_uart.o
    0x080052b4   0x080052b4   0x0000000e   Code   RO         2600    i.UART_DMARxHalfCplt  stm32h7xx_hal_uart.o
    0x080052c2   0x080052c2   0x00000036   Code   RO         2602    i.UART_DMATransmitCplt  stm32h7xx_hal_uart.o
    0x080052f8   0x080052f8   0x0000000e   Code   RO         2604    i.UART_DMATxHalfCplt  stm32h7xx_hal_uart.o
    0x08005306   0x08005306   0x00000020   Code   RO         2606    i.UART_EndRxTransfer  stm32h7xx_hal_uart.o
    0x08005326   0x08005326   0x00000020   Code   RO         2607    i.UART_EndTransmit_IT  stm32h7xx_hal_uart.o
    0x08005346   0x08005346   0x00000014   Code   RO         2608    i.UART_EndTxTransfer  stm32h7xx_hal_uart.o
    0x0800535a   0x0800535a   0x0000008a   Code   RO         2609    i.UART_Receive_IT   stm32h7xx_hal_uart.o
    0x080053e4   0x080053e4   0x000009a4   Code   RO         2610    i.UART_SetConfig    stm32h7xx_hal_uart.o
    0x08005d88   0x08005d88   0x00000082   Code   RO         2611    i.UART_Transmit_IT  stm32h7xx_hal_uart.o
    0x08005e0a   0x08005e0a   0x0000006c   Code   RO         2612    i.UART_WaitOnFlagUntilTimeout  stm32h7xx_hal_uart.o
    0x08005e76   0x08005e76   0x00000002   PAD
    0x08005e78   0x08005e78   0x00000028   Code   RO          888    i.USART1_DMA_Send_data  usart.o
    0x08005ea0   0x08005ea0   0x00000048   Code   RO          889    i.USART1_IRQHandler  usart.o
    0x08005ee8   0x08005ee8   0x000000c4   Code   RO          970    i.USART2_IRQHandler  usart2.o
    0x08005fac   0x08005fac   0x0000002c   Code   RO          971    i.USART2_Send_data  usart2.o
    0x08005fd8   0x08005fd8   0x00000004   Code   RO          365    i.UsageFault_Handler  stm32h7xx_it.o
    0x08005fdc   0x08005fdc   0x00000030   Code   RO         6459    i.__ARM_fpclassify  m_wv.l(fpclassify.o)
    0x0800600c   0x0800600c   0x00000010   Code   RO         1382    i.__NVIC_GetPriorityGrouping  stm32h7xx_hal_cortex.o
    0x0800601c   0x0800601c   0x00000028   Code   RO         1383    i.__NVIC_SetPriority  stm32h7xx_hal_cortex.o
    0x08006044   0x08006044   0x0000000e   Code   RO         6360    i._is_digit         c_w.l(__printf_wp.o)
    0x08006052   0x08006052   0x00000028   Code   RO         6316    i.dataCheck_MT      check_alg.o
    0x0800607a   0x0800607a   0x00000002   PAD
    0x0800607c   0x0800607c   0x0000034c   Code   RO         6249    i.decodeAndPrnMode0  imu.o
    0x080063c8   0x080063c8   0x00000210   Code   RO         6250    i.decodeAndPrnMode1  imu.o
    0x080065d8   0x080065d8   0x000001b0   Code   RO         6251    i.decodeAndPrnMode2  imu.o
    0x08006788   0x08006788   0x00000268   Code   RO         6252    i.decodeAndPrnMode4  imu.o
    0x080069f0   0x080069f0   0x000003a8   Code   RO         6253    i.decodeAndPrnMode5  imu.o
    0x08006d98   0x08006d98   0x00000014   Code   RO          778    i.delay_init        delay.o
    0x08006dac   0x08006dac   0x00000018   Code   RO          779    i.delay_ms          delay.o
    0x08006dc4   0x08006dc4   0x00000048   Code   RO          780    i.delay_us          delay.o
    0x08006e0c   0x08006e0c   0x00000180   Code   RO            4    i.main              main.o
    0x08006f8c   0x08006f8c   0x000001e8   Code   RO          891    i.uart1_init        usart.o
    0x08007174   0x08007174   0x000001e4   Code   RO          972    i.uart2_init        usart2.o
    0x08007358   0x08007358   0x0000002c   Code   RO         6455    locale$$code        c_w.l(lc_numeric_c.o)
    0x08007384   0x08007384   0x00000060   Code   RO         6382    x$fpl$ffltll        fz_wv.l(ffltll_clz.o)
    0x080073e4   0x080073e4   0x0000000a   Code   RO         6535    x$fpl$fpinit        fz_wv.l(fpinit.o)
    0x080073ee   0x080073ee   0x00000004   Code   RO         6384    x$fpl$printf1       fz_wv.l(printf1.o)
    0x080073f2   0x080073f2   0x00000000   Code   RO         6400    x$fpl$usenofp       fz_wv.l(usenofp.o)
    0x080073f2   0x080073f2   0x00000040   Data   RO          704    .constdata          system_stm32h7xx.o
    0x08007432   0x08007432   0x00000038   Data   RO         1528    .constdata          stm32h7xx_hal_dma.o
    0x0800746a   0x0800746a   0x00000030   Data   RO         2613    .constdata          stm32h7xx_hal_uart.o
    0x0800749a   0x0800749a   0x00000002   PAD
    0x0800749c   0x0800749c   0x00000094   Data   RO         6430    .constdata          c_w.l(bigflt0.o)
    0x08007530   0x08007530   0x00000020   Data   RO         6606    Region$$Table       anon$$obj.o
    0x08007550   0x08007550   0x0000001c   Data   RO         6454    locale$$data        c_w.l(lc_numeric_c.o)


    Execution Region RW_IRAM2 (Exec base: 0x24000000, Load base: 0x0800756c, Size: 0x00011940, Max: 0x00080000, ABSOLUTE)

    Exec Addr    Load Addr    Size         Type   Attr      Idx    E Section Name        Object

    0x24000000   0x0800756c   0x0000002a   Data   RW            7    .data               main.o
    0x2400002a   0x08007596   0x00000002   PAD
    0x2400002c   0x08007598   0x00000008   Data   RW          705    .data               system_stm32h7xx.o
    0x24000034   0x080075a0   0x00000004   Data   RW          782    .data               delay.o
    0x24000038   0x080075a4   0x0000002d   Data   RW          975    .data               usart2.o
    0x24000065   0x080075d1   0x00000003   PAD
    0x24000068   0x080075d4   0x00000009   Data   RW         1093    .data               stm32h7xx_hal.o
    0x24000071   0x080075dd   0x00000028   Data   RW         6256    .data               imu.o
    0x24000099   0x08007605   0x00000003   PAD
    0x2400009c        -       0x00000104   Zero   RW            5    .bss                main.o
    0x240001a0        -       0x00000970   Zero   RW          892    .bss                usart.o
    0x24000b10        -       0x00000970   Zero   RW          973    .bss                usart2.o
    0x24001480        -       0x00000260   Zero   RW         6254    .bss                imu.o
    0x240016e0        -       0x00000060   Zero   RW         6462    .bss                c_w.l(libspace.o)
    0x24001740        -       0x00000200   Zero   RW          769    HEAP                startup_stm32h743xx.o
    0x24001940        -       0x00010000   Zero   RW          768    STACK               startup_stm32h743xx.o


==============================================================================

Image component sizes


      Code (inc. data)   RO Data    RW Data    ZI Data      Debug   Object Name

        40          0          0          0          0       1051   check_alg.o
       116          8          0          4          0       2867   delay.o
      3600        836          0         40        608       6709   imu.o
       384         30          0         42        260    1017151   main.o
       204         18          0          0          0       1578   max1486.o
        64         26        664          0      66048        832   startup_stm32h743xx.o
       160         30          0          9          0       3983   stm32h7xx_hal.o
       342         22          0          0          0      39425   stm32h7xx_hal_cortex.o
      3440        138         56          0          0      12030   stm32h7xx_hal_dma.o
       598         54          0          0          0       2492   stm32h7xx_hal_gpio.o
         2          0          0          0          0        450   stm32h7xx_hal_msp.o
      3048         86          0          0          0       6008   stm32h7xx_hal_rcc.o
      4692        118          0          0          0       7431   stm32h7xx_hal_rcc_ex.o
      4752        168         48          0          0      20841   stm32h7xx_hal_uart.o
         2          0          0          0          0        980   stm32h7xx_hal_uart_ex.o
        28          0          0          0          0    1169022   stm32h7xx_it.o
       556         30          0          0          0      37321   sys.o
       148         18         64          8          0       1254   system_stm32h7xx.o
       756         70          0          0       2416       6741   usart.o
      1004        108          0         45       2416      40515   usart2.o

    ----------------------------------------------------------------------
     23956       1760        866        156      71748    2378681   Object Totals
         0          0         32          0          0          0   (incl. Generated)
        20          0          2          8          0          0   (incl. Padding)

    ----------------------------------------------------------------------

      Code (inc. data)   RO Data    RW Data    ZI Data      Debug   Library Member Name

        56          6          0          0          0         88   __2snprintf.o
         8          0          0          0          0         68   __main.o
       284          0          0          0          0        156   __printf_wp.o
         0          0          0          0          0          0   __rtentry.o
        12          0          0          0          0          0   __rtentry2.o
         6          0          0          0          0          0   __rtentry4.o
        52          8          0          0          0          0   __scatter.o
        26          0          0          0          0          0   __scatter_copy.o
        28          0          0          0          0          0   __scatter_zi.o
        48          6          0          0          0         96   _printf_char_common.o
         6          0          0          0          0          0   _printf_f.o
      1054          0          0          0          0        216   _printf_fp_dec.o
       128         16          0          0          0         84   _printf_fp_infnan.o
         0          0          0          0          0          0   _printf_percent.o
         4          0          0          0          0          0   _printf_percent_end.o
        16          0          0          0          0         68   _snputc.o
        10          0          0          0          0         68   _sputc.o
       228          4        148          0          0         96   bigflt0.o
      1936        128          0          0          0        672   btod.o
        18          0          0          0          0         80   exit.o
         6          0          0          0          0        152   heapauxi.o
         0          0          0          0          0          0   indicate_semi.o
        44         10         28          0          0         76   lc_numeric_c.o
         2          0          0          0          0          0   libinit.o
        22          0          0          0          0          0   libinit2.o
         2          0          0          0          0          0   libshutdown.o
         2          0          0          0          0          0   libshutdown2.o
         8          4          0          0         96         68   libspace.o
       138          0          0          0          0         80   lludiv10.o
       238          0          0          0          0        100   lludivv7m.o
         8          4          0          0          0         68   rt_locale_intlibspace.o
       138          0          0          0          0         68   rt_memcpy_v6.o
       100          0          0          0          0         80   rt_memcpy_w.o
         2          0          0          0          0          0   rtexit.o
        10          0          0          0          0          0   rtexit2.o
       104          0          0          0          0         68   strcmpv7m_pel.o
        62          0          0          0          0         76   strlen.o
        12          4          0          0          0         68   sys_exit.o
        74          0          0          0          0         80   sys_stackheap_outer.o
         2          0          0          0          0         68   use_no_semi.o
        96          0          0          0          0        132   ffltll_clz.o
        10          0          0          0          0        116   fpinit.o
         4          0          0          0          0        116   printf1.o
         0          0          0          0          0          0   usenofp.o
        48          0          0          0          0        124   fpclassify.o

    ----------------------------------------------------------------------
      5062        190        176          0         96       3232   Library Totals
        10          0          0          0          0          0   (incl. Padding)

    ----------------------------------------------------------------------

      Code (inc. data)   RO Data    RW Data    ZI Data      Debug   Library Name

      4894        190        176          0         96       2744   c_w.l
       110          0          0          0          0        364   fz_wv.l
        48          0          0          0          0        124   m_wv.l

    ----------------------------------------------------------------------
      5062        190        176          0         96       3232   Library Totals

    ----------------------------------------------------------------------

==============================================================================


      Code (inc. data)   RO Data    RW Data    ZI Data      Debug   

     29018       1950       1042        156      71844    2369805   Grand Totals
     29018       1950       1042        156      71844    2369805   ELF Image Totals
     29018       1950       1042        156          0          0   ROM Totals

==============================================================================

    Total RO  Size (Code + RO Data)                30060 (  29.36kB)
    Total RW  Size (RW Data + ZI Data)             72000 (  70.31kB)
    Total ROM Size (Code + RO Data + RW Data)      30216 (  29.51kB)

==============================================================================

