<html>
<body>
<pre>
<h1>礦ision Build Log</h1>
<h2>Tool Versions:</h2>
IDE-Version: μVision V5.33.0.0
Copyright (C) 2020 ARM Ltd and ARM Germany GmbH. All rights reserved.
License Information: WU 674252221@qq.com, MT, LIC=8VRJ7-E44F7-2Z7W4-FD16B-HVEY6-4Y1QZ
 
Tool Versions:
Toolchain:       MDK-ARM Plus  Version: 5.33.0.0
Toolchain Path:  D:\Keil_v5\ARM\ARMCC\Bin
C Compiler:      Armcc.exe V5.06 update 7 (build 960)
Assembler:       Armasm.exe V5.06 update 7 (build 960)
Linker/Locator:  ArmLink.exe V5.06 update 7 (build 960)
Library Manager: ArmAr.exe V5.06 update 7 (build 960)
Hex Converter:   FromElf.exe V5.06 update 7 (build 960)
CPU DLL:         SARMCM3.DLL V5.33.0.0
Dialog DLL:      DCM.DLL V1.17.3.0
Target DLL:      Segger\JL2CM3.dll V2.99.38.0
Dialog DLL:      TCM.DLL V1.48.0.0
 
<h2>Project:</h2>
D:\software\机器人产品例程撰写\STM32_C\app\USER\DMA.uvprojx
Project File Date:  08/27/2026

<h2>Output:</h2>
*** Using Compiler 'V5.06 update 7 (build 960)', folder: 'D:\Keil_v5\ARM\ARMCC\Bin'
Build target 'DMA'
compiling main.c...
..\SYSTEM\usart\usart2.h(19): warning:  #1-D: last line of file ends without a newline
  #endif
..\HARDWARE\MAX1486\MAX1486.h(14): warning:  #1-D: last line of file ends without a newline
  #endif
main.c(18): warning:  #177-D: variable "i"  was declared but never referenced
  	u16 i;
main.c(19): warning:  #177-D: variable "t"  was declared but never referenced
  	u8 t=0;
main.c(20): warning:  #177-D: variable "j"  was declared but never referenced
  	u8 j=0;
main.c: 5 warnings, 0 errors
linking...
Program Size: Code=29018 RO-data=1042 RW-data=156 ZI-data=71844  
FromELF: creating hex file...
After Build - User command #2: fromelf.exe --bin -o "MT_IMU_STM32H743.bin" "..\OBJ\Template.axf"
"..\OBJ\Template.axf" - 0 Error(s), 5 Warning(s).

<h2>Software Packages used:</h2>

Package Vendor: Keil
                https://www.keil.com/pack/Keil.STM32H7xx_DFP.2.4.0.pack
                Keil.STM32H7xx_DFP.2.4.0
                STMicroelectronics STM32H7 Series Device Support and Examples

<h2>Collection of Component include folders:</h2>
  C:\Users\67425\AppData\Local\Arm\Packs\Keil\STM32H7xx_DFP\2.4.0\Drivers\CMSIS\Device\ST\STM32H7xx\Include

<h2>Collection of Component Files used:</h2>
Build Time Elapsed:  00:00:07
</pre>
</body>
</html>
